FCARM FILE CONVERTER V2.57                                                              03/06/2019  12:14:09  PAGE 1


FCARM FILE CONVERTER V2.57, INVOKED BY:
C:\KEIL_V5\ARM\BIN\FCARM.EXE ..\..\..\Drivers\KETCube\core\ketCube_gpio.h, KETCUBE.bin TO KETCUBE PRINT


INPUT FILE: ..\..\..\Drivers\KETCube\core\ketCube_gpio.h
  File type  = BINARY
  Input size = 5053 bytes
+---------------------------------------------------------------------------------------------------------------------+
/**. * @file    ketCube_gpio.h. * @author  Jan Belohoubek. * @version 0.2. * @date    2018-10-30. * @brief   This file 
contains definitions for the ketCube GPIO driver. *. * @attention. *. * <h2><center>&copy; Copyright (c) 2018 Universit
y of West Bohemia in Pilsen. * All rights reserved.</center></h2>. *. * Developed by:. * The SmartCampus Team. * Depart
ment of Technologies and Measurement. * www.smartcampus.cz | www.zcu.cz. *. * Permission is hereby granted, free of cha
rge, to any person obtaining a copy . * of this software and associated documentation files (the "Software"), . * to de
al with the Software without restriction, including without limitation . * the rights to use, copy, modify, merge, publ
ish, distribute, sublicense, . * and/or sell copies of the Software, and to permit persons to whom the Software . * is 
furnished to do so, subject to the following conditions:. *. *    - Redistributions of source code must retain the abov
e copyright notice,. *      this list of conditions and the following disclaimers.. *    . *    - Redistributions in bi
nary form must reproduce the above copyright notice, . *      this list of conditions and the following disclaimers in 
the documentation . *      and/or other materials provided with the distribution.. *    . *    - Neither the names of T
he SmartCampus Team, Department of Technologies and Measurement. *      and Faculty of Electrical Engineering Universit
y of West Bohemia in Pilsen, . *      nor the names of its contributors may be used to endorse or promote products . * 
     derived from this Software without specific prior written permission. . *. * THE SOFTWARE IS PROVIDED "AS IS", WIT
HOUT WARRANTY OF ANY KIND, EXPRESS OR IMPLIED, . * INCLUDING BUT NOT LIMITED TO THE WARRANTIES OF MERCHANTABILITY, FITN
ESS FOR A PARTICULAR . * PURPOSE AND NONINFRINGEMENT. IN NO EVENT SHALL THE CONTRIBUTORS OR COPYRIGHT HOLDERS . * BE LI
ABLE FOR ANY CLAIM, DAMAGES OR OTHER LIABILITY, WHETHER IN AN ACTION OF CONTRACT, . * TORT OR OTHERWISE, ARISING FROM, 
OUT OF OR IN CONNECTION WITH THE SOFTWARE . * OR THE USE OR OTHER DEALINGS WITH THE SOFTWARE. . */../* Define to preven
t recursive inclusion -------------------------------------*/.#ifndef __KETCUBE_GPIO_H.#define __KETCUBE_GPIO_H..#inclu
de "stm32l0xx_hal_gpio.h".#include "ketCube_cfg.h"../** @defgroup KETCube_GPIO KETCube GPIO driver.  * @brief KETCube G
PIO driver.  * @ingroup KETCube_ModuleDrivers.  * @{.  */..#define KETCUBE_GPIO_NAME               "gpio_drv"         /
//< GPIO driver name../**.* @brief List of GPIO PINs.*/.typedef enum {.    KETCUBE_GPIO_NOPIN = 0,.    KETCUBE_GPIO_PIN
_0 = GPIO_PIN_0,.    KETCUBE_GPIO_PIN_1 = GPIO_PIN_1,.    KETCUBE_GPIO_PIN_2 = GPIO_PIN_2,.    KETCUBE_GPIO_PIN_3 = GPI
O_PIN_3,.    KETCUBE_GPIO_PIN_4 = GPIO_PIN_4,.    KETCUBE_GPIO_PIN_5 = GPIO_PIN_5,.    KETCUBE_GPIO_PIN_6 = GPIO_PIN_6,
.    KETCUBE_GPIO_PIN_7 = GPIO_PIN_7,.    KETCUBE_GPIO_PIN_8 = GPIO_PIN_8,.    KETCUBE_GPIO_PIN_9 = GPIO_PIN_9,.    KET
CUBE_GPIO_PIN_10 = GPIO_PIN_10,.    KETCUBE_GPIO_PIN_11 = GPIO_PIN_11,.    KETCUBE_GPIO_PIN_12 = GPIO_PIN_12,.    KETCU
BE_GPIO_PIN_13 = GPIO_PIN_13,.    KETCUBE_GPIO_PIN_14 = GPIO_PIN_14,.    KETCUBE_GPIO_PIN_15 = GPIO_PIN_15.} ketCube_gp
io_pin_t;../**.* @brief GPIO Ports.*/.typedef enum {.    KETCUBE_GPIO_PA = GPIOA_BASE,.    KETCUBE_GPIO_PB = GPIOB_BASE
,.    KETCUBE_GPIO_PC = GPIOC_BASE,.    KETCUBE_GPIO_PD = GPIOD_BASE,.    KETCUBE_GPIO_PE = GPIOE_BASE,.    KETCUBE_GPI
O_PH = GPIOH_BASE.} ketCube_gpio_port_t;../**.* @brief Pointer to a IRQ Handler Function.*/.typedef void (*ketCube_GPIO
_VoidFn_t) (void);../** @defgroup KETCube_GPIO_fn Public Functions.  * @brief Public functions.  * @{.  */..extern ketC
ube_cfg_DrvError_t ketCube_GPIO_Init(ketCube_gpio_port_t port,.                                                uint16_t
 pin,.                                                GPIO_InitTypeDef *.                                              
  initStruct);.extern ketCube_cfg_DrvError_t ketCube_GPIO_ReInit(ketCube_gpio_port_t port,.                            
                      uint16_t pin,.                                                  GPIO_InitTypeDef * initStruct);.e
xtern ketCube_cfg_DrvError_t ketCube_GPIO_Release(ketCube_gpio_port_t port,.                                           
        ketCube_gpio_pin_t pin);.extern ketCube_cfg_DrvError_t ketCube_GPIO_SetIrq(ketCube_gpio_port_t port,.          
                                        ketCube_gpio_pin_t pin,.                                                  uint3
2_t prio,.                                                  ketCube_GPIO_VoidFn_t.                                     
             irqHandler);..extern void ketCube_GPIO_Write(ketCube_gpio_port_t port,.                               ketC
ube_gpio_pin_t pin, bool bit);.extern bool ketCube_GPIO_Read(ketCube_gpio_port_t port,.                              ke
tCube_gpio_pin_t pin);..extern void EXTI0_1_IRQHandler(void);.extern void EXTI2_3_IRQHandler(void);.extern void EXTI4_1
5_IRQHandler(void);.../**.* @}.*/../**.* @}.*/..#endif.
+---------------------------------------------------------------------------------------------------------------------+


INPUT FILE: KETCUBE.bin
  File type  = BINARY
  Input size = 85880 bytes
+---------------------------------------------------------------------------------------------------------------------+
... ....)p...Z..............................................I.......................Q...a...q..........................
.....................................................g....................H.F..Z..H.G.-..... .H.G.H.G..................
..0..F.F.  ".$...F.@.B...F.@I.%F.@@..FR..-..0.p..$%F.(...$@B.)...%IB.....B..@B.,..IBp......F. ...F@$........"F.F0F.....
......A...F.F"F....6..A.."F. .!......8.MA.. Fd..(......)F2F.......$%F.)...F.$.!@B.A.+...F.#RB.%.A.....F.F.F.B...%@B.A.F
.,...&WB.AaF:F3F........... .......................C...'......>F<F..............-..CHC.!"F......qA.4.F@,..8F...........
...YA.....0..@(.........F.C.............*.....x.p@.I.R...pG.....p@.I...pG.".....F.F.F.F.... F.....F...x.p@..+..I.R... F
..B..x@..)....pG0..F. .F..[..B...\.\ ....,..0.............. ...C... ...H...H..jF...............G..A...a......'.C... \h.
..h.F.i.....G..)j.G.(....@.... @..C....`.....+(..-(..... .C..... ...C.i.....Gv.........0(.....(%.5.. @..C.iv......G....
FCARM FILE CONVERTER V2.57                                                            03/06/2019  12:14:09  PAGE 2


..x(..X(.....(.."....(...(... @..C.iv......G... ... ... .....!I..C....v.QC.....i.....G...............(...i...G..... .C.
...".`...`.....@B)h..*`.h"....p.."........`..(h..)`.h!......p..!..........`8F~........F.&%xd..-.......h@]....+-..--..d.
9F F......./..9h.B....9`q..$.)..@B.(.......`..... ...C...(.......`.H.........F.FX@......H..FY.@.I....A..8F1F.F.F.F.FX.@
..CL.0...@.Y.@.I...@...@(r....!.....C.......(....RB. .A......@!...........F.FkF...."...qA.....#..V@.Fz@.CD....*-....*..
.......A.&6...qA............*F#F........8F1F...."J.F.....A.!....OA...A.F..yA...Cm.dA....m..Cd....C...&.....A6...qA..@.0
CI...QA*F#F..........."@......#.A..1F..8..A..0..$..c@0.U.0..$..a@0.O................$H@....I.I.........I.I........F.C..
.....C.....$@.B.H.A...$..... C........ C..P..I@.."...F.F... .F.....(...F...#.F......_....[O..[}C.'..|AI.[.aE..A...ZR!..
..C$.@..(........pF..............U............F\@........L..&d.Y..FI..F.."C!.bF.C..b.W.J...#.U..$.F,I$.x...6.@.#C&CaF..
.FP..A....@.........[A.(... .F..... .!...F.F..dF.F...A..eFR..AtF.C.C.F..@.I.(C..[A.F.C...F.C..`F.FP@q@.C..`F...A...".#.
..".#.....".CS...tF..8.aA......iA...............".#.F..............P@..@..!.K.......F.F..........3......I...!...F.F....
......3...p...J....#.....C.K...$R..B... p..K43.B...........IQ..@,C..@Bp...........J....#.....C.K..R..B... ...K43.B.....
.^....IQ..@................@.@......#....@...@..C..@..CpG. .FpG...)...$..@B.A!F.+...F.#..RB.A.B...B........I...I..F.C..
...$.........*... ....D..C................ *...F :.@. ...@ #...F.@.C.@.... *...F :.@.!...F.@.@ $...@.C.F.... *.....F :.
A...C...F.A.@ $...@.C.F...HpGtC.....F.....h.]......:(..08 #.F.CA*...F78.B... .CpG.h.xQ..`.FpG...`.IQa.I.b.!.a.F........
......Bh.*...h.xI..+..R....FpG.!.`..pGBh.*...h.h.+...h.B..I.R.... pG. .CpG.......' xd..F..0(...-.... x.'d.x(..X(...-...
..-...-...'.% xd....%...%.&.......'iC....)F..qC....8..B... .. xd.)F.....(.....(.../..d......`...(.......!.`........0..C
...)..@.I...@.@.pGp..$.....$.....)!..$.......4......$..........(..@.d..).. %...F.@.@...!)C.C........... p.pG.......)..@
.I...p.@.@.pG...+...$@.aA..[A.C..@.@..........F.....F..&.....#. 0.F..!F(F.........F.F.C.C.C...F.C....@!...F.......F.F..
.........C... .. F9F..... ...C.C,C7C....c.@.y....".C...0... .F......iA......iA......p.K.[..C..K.\..&3FeB.A.....A... .Fp
...0.QAp......FH.@..F(C..`..J@..B..(F...I59.B...B..). ..C)..C.....I..A.. ... .F....@ ..(F!F..D..F..(F!F2F..M.:F....U.2F
..6.....3......?J....#.....C.K..R..B... .F...K43.B......+....K.....................)...$..@B.A!F.+...F.#..RB.A.B...B...
..L.%.N...h..+C.<.G.4.B......4L..TL....... ... ...&.F.0.F..bi.!...G....%--.!j.G.(..bi.!...G!j.G.(..A.bi...G..v..i...G!j
.G.(...i...G...i...G.F.B..v....i...G.......(w.I..'bi=F9F...G*(..bi.!...G.%...!OC?.0?... .Cbi.!...G.F09.)...I.B.........
Ol(..L(..h($.j(..t(..z(....bi.!...Gl(#..!..  .Cbi.!...G.`e`e(O.&.X(9...E(I...%(4.A(..C.bi.!...Gh(...!.C... ..... ..F(3.
G(,.0.[(p.a(,.c(l.d(#.a.o(O...f(".g( .i(&.n(......p(M.s(o.u(N.x(..T..i...G.F%(..l..i...Gm...m...."L.."R.. #FjF.C...F.F.
.(F@!.C``..#F..."9.."?..... . h..!`.h)....p..)..............`A`...`..(F@!.C``..#F..."..."..HI(F.@``..(F@!.C``..#F......
(F@!.C``....#F.". .C...F.FZ.#F.". .C......R..!...F..c(..[(..C...... .`. ..<.bi.!...G^(... ...Fbi...G!i.)...F....I..Q.).
..(5.!i.)........J.......I.I.A.. .h.@.C.`bi.!...G](.....(... ....ZX@..CZP.(..... "F.C...F.F.(..@......(... .C..........
....I...6.. ..t................#.F...A... .F....J....!-...R..C......mAR.Q..1.1.1.'.F>F8F.....F.!. ....8...qA..2F.F.FJAa
F(Fa..A..`F$..AvF.F$...mA@...4(....0FpA...A...".C.F...".F....8.qA......p....x@.k.[....x@.*....x@....x.p@.I.[...+....#R.
...pI....x@........x.pI.[.R....B... p.8..F.I.H.h....`C......@......(..8...@B.. .. p..F.% h.h.....(.. h.h.....(... ... .
(9. h.h.I.@.(... ... .(...m.!.C.e.m.!.C.e. p. h.h.!.C!h.`. .........F......@..(...m.!.C.e.m.!.C.e. .. h.h.....!H@H@.(..
. ......0....F.F.".!......"F$2......).hF.}.!.@.(..... .....\I...B..\...C...T@..(.....xI......p...x.!H@...p..... .....\I
...B..\...C...T@..(.....xI......p.. h.(..... ..!F.1.\...\Q@"F.2.T@..(..Y.hF.}.!.@.(..... .....\I...B..\...C...T@..(....
.xI......p...x.!H@...p..... .....\I...B..\...C...T@..(.....xI......p...! F.0"h.T...! F.0"h.T h@. `.(..... ..!F.1.\...\Q
@"F.2.T@..(....... ..!..\"F.2.\Q@"..T@..(....."!.....(."F$2)F....h..".!....7...0....F.".! ......  `.".! F$0..&...p..F.F
*F$2.! F..v.p......F.F.F h.(2..! h...B.. h....(F.F..#F.3!h..9F.... h.. ` h.(...B......... ..!..\"F.2.\Q@"..T@..(...."F$
2!. .............. ..!..\:\Q@"..T@..(....."!.hF...."F$2iFhF....."iF ......7.=.-....9F F.0....%`.........F.F.&iH.x.#....
...........-<Tt.....cH.x.B..aH.x`K.x[.^O;p^K.T.&..H.[K.x.B..YH.xXK.x[.VO;pVK.T8F.x;F.x[.;pRK.T.&..OH.x.B..MH.xLK.x[.KO;
pKK.T.&..H.GK.x.B..EH.xDK.x[.CO;pCK.T8F.x;F.x[.;p?K.T.&n...;K.x.B..9H.x8K.x[.7O;p7K.T8F.x;F.x[.;p3K.T8F.x;F.x[.;p/K.T.&
N.H.+K.x.B..)H.x(K.x[.'O;p'K.T8F.x;F.x[.;p#K.T.&6. H.x.B...H.x.K.x[..O;p.K.T.&'..H.x.B...H.x.K.x[..O;p.K.T.&...H.x.B...
H.x.K.x[..O;p.K.T8F.x;F.x[.;p.K.T.&... ......... .K.p0F..... ... ... ... .FP.C..+...#..pG>..F.H.xhF.p.H.xhFAp.p.......H
.h..iF.H.x..p..H.h.I..HC.I.h@..I.h@..I.`>.... ... ... ... ... ... 0..F.#. ...$.@.@.%.@.B..\...D....B...F0......F.F. ...
..%..S..$H...A...@Z.!.@.@.(<.(..!HC0X.(..6....(... .@@.@..(..,.(..#XC...#.V..(..#XC...z....x...4..(....(..!HC..@zHC..@.
.h.(....@.......(.....A........T..`....,..(F.0....@......-.......p...........!........ H.j.!.C.I.b.F.j.!.@....... .....
 ... .......H.....".!...H.....".!I..H.....".!...H.....".!...H.....H@k.!...C.IHc.....................@...P...F F..7.....
.$.....F...,....~....!...B... ...H.i.....(...H@h.!...C.IH`.F@h.!.C.IH`. ... .@.F.H...K.B... pG.H...x.p. .............$.
.J..F...,....D....!...B... ...H.i.....(...H@h.....(...H.I.`.H.`.H@h.!...C.IH`. ..... .@........p..F.F.&.H ..I.B... p..H
 ..x.B... .......F.H ..p.............!...B... ...H ..x.B... ............... ..... ......... ..... ......... ....  ....@
 ..... ..... .0..... @...... ....... ....... ....... @...... ....... .............F. .)... pG.F.!.....K.X.B..H....X.B..
.....ypGH....).........>...H.x.J.x.B...H.J.x.\.H.x@..J.p.FpG. ....... ...  .. .F. .)...)... ...)... ...)... pG...F.%.&.
'..T .].(... ...!T .U.. h.h.....(.. h.h.@.(... ... .(?..m.!.1.C.!.C.e h.h.... h.h....!h.` h.h.!...C!h.`..(..F....$....(
...m.!.C.!.C.e...!T .U... .. h.h.....(.. h.h8C!h.`.m.!.C.!.C.e...m !.C.e.%...!T .U..(F..p..F.F..T .].(... p..!T .U.. h.
h.!.@...(...m !.C.e...!T .U... ..-Ihh.B). h.j)hI.I..C!h.b(h@.@.'I.@.!...B..%H.hI..C#I.`. ....(h@.@. I.@.!I..B,..H.hI..C
.I.`%. h.j)hI.I..C!h.b(h@.@..I.@.!...B...H.hI..C.I.`(h@.@..I.@.!I..B...H.hI..C.I.`...!T .U... ...........H.'.@...D.F.h.
lpG...F.,... ...m.(...e.!T .U F.....m.!.@.(.. h.h.!.@...(...m.!.C.e...!T .U... ...m.!.1.C.!.C.e h.h.....(.. h.h.....(..
. ... .(:....!..`h.B..IB`h.B..I.`h.B.. h.i....!h.a h.iah.C!h.a.. h.i....!h.aZH.h.!...CXI.`.F.hah.CUI.`.. h.h.!.C!h.` h.
h.h.C!h.`MH.h.!I..CKI.`.F.h!.I..CGI.` h.h.!...@.(.. h.h.C!h.` h.h@I.@!h.`!i.h.)...!...!.C!jI..C!kI..Cak.C.i...C.i...C!h
.h.C!h.`.!.1.j.B...j.j.C!h.h.C!h.``j.(.. j.(.. h.h.!...C!h.`...m !.C.e.m.!.C.e l.(.. h.i.!...C!h.aal.l.C.l.C!h.i.C!h.a 
h.i.!.C!h.a.. h.i.....(.. h.i@.@.!h.a h@i....!hHa h@i.k.C!hHa. .e.m.!.C.!.C.e. .....'.@....pG...F.F.&.'`i.(...'.. h.h..
...(...m !.C.e...!T .U... ...'..5..F..h..(...-....,....B...m.!.C.e...!T .U... .. h.h8@.(...m.!I..C.e h.h.!...@.(%. j.("
. h.h.!.@.(.. h.h.!.@...(.. h@h.!.C!hH`.m.!.1.C.!.C.e...m !.C.e.m.!.C.e.i.(... !h.`. ....p..F.% h.h.!.@...(+...T .].(..
. p..!T .U...i.(.. F.....F.-...m.I.@.!.1.C.e. .e...!T .U... !h.` h.h.!.C!h.`...%(F.........H@h.!.C.IH`pG...X.@.H@h.!.C.
IH`pG...X.@.H@h.!.C.IH`pG...X.@p..F.%% .].(... .c.%I. h.h.!.C!h.` h.h@.@.!h.` I h.B... &..I.1 h.B... ...I(1 h.B.......I
<1 h.B.......IP1 h.B... .....Id1 h.B... ..... ...I.9H`.!% .U...!$ .U...k.(.. F.k.G(Fp......@............p..F(F..?..F...
FCARM FILE CONVERTER V2.57                                                            03/06/2019  12:14:09  PAGE 3


I.X.(.....JPX.Gp.l.. ...F.H@i @.(...HDa F...........@p..F.".$. ...&.@.h5@,F.,w.Mh.-..Mh.-.......F 5.YU....%.@.F.C0FV...
.i.@(C.....F 6pQMh.-..Mh.-..Mh.-..Mh.-...hV..%.@.F.C0FV..h.@(C.`Xh.%.@.F.C0F.&Mh5@-..@(CX`.hV..%.@.F.C0F.y....V..@(C.`.
hV..%.@.F.C0FV..h.@(C.`.&6.Mh5@.Bv.>Mmk.&5C<Nuc<M.....Y.....%.@.F.C0F.%-..B...%..^.4M.B...%..3M.B...%..1M.B...%..0M.B..
.%...M.B...%...%..6..@(C$M.....Q(M(h.F.C(F.&6.Mh5@.B...F%C(F!M(`hh.F.C(F.&v.Mh5@.B...F%C(F.Mh`.h.F.C(F.&6.Mh5@.B...F%C(
F.M.`.h.F.C(F.&v.Mh5@.B...F%C(F.M.`R..h.@.-....p....@...@...P...P...P...P...P...@.*...a...bpG....3......F.,... ..$!A .U
 h.h@.@.!h.` F..... `d.!A .U.  cB .U..@ .U... ...FA @\pG.....F.,... ..A .].(...!@ .U F....$!A .U h.h@.@.!h.`.!..`h.C!h.
a h.h.!...C!h.`.h.(...!...h.C!h.`..!!...h.C!h.`.h.(....!hH` h@h.I.C!hH` h.h.!...C!h.`ai i.C.i...C!h.`!j.i.C!h.` h.h.!.C
!h.`. `d !A .U.  c.!B .U. ...........F.F.F.%A .] (n...@ .].(... .....!@ .U....T..F.#.".. F.......(... .."!A .U.!B .U. `
dfbg.`c`..(...  .. .... ..... F....r...`. .. .... ....#[. F....d.H.*F F.......(..`l.(... ... .. h@j..bjP.`b.p .@. .`.@.
`. ..(*.`..('....".! F....S..(... ..A.`..(...  .. .. ....#.. F....'...`. .. .. ....#[. F......`..(..*F F.......(..`l.(.
.. j.. h.  !h.a h@h.I.@!hH` !A .U.!B .U..@ .U... S.. Q..........F.F.F.%A .] (|...@ .].(... .....!@ .U.......F.#.".. F..
.....(... ..!!A .U.!B .U. `dfbg.`c`..(...  .H... ..... F........`. .. @... ....#[. F......G.*F F....Z..(..`l.(... ... .
.ajH.`b.x!h.b`.@.`. .@. . ..(*.`..('....".! F.......(... ..`..(...  .. .. ....#.. F....j...1.`. .. .. ....#[. F....\.`.
.(..*F F.......(..`l.(... l.. j.  !h.a h@h.I.@!hH` !A .U.!B .U..@ .U... U.. S..........F.....%A .] (q../.....(... .....
.@ .].(... ...!@ .U.......F.#.".. F....#..(... .."!A .U@!B .U. `dgb..`.. `c.... F......a..(..`l.(.....!@ .U... .....!@ 
.U... ..`..(...  .. .... ....#.. F........`. .. .... ....#[. F........3F.".! F.......(... .._. h@j..bjP.`b.p .@. .`.@.`
. ..().`..(&.3F.".! F.......(... t.`..(...  .. .. ....#.. F........`. .. .. ....#[. F....{.`..(..*F1F F.....(..`l.(... 
I.. G.  !h.a h@h.I.@!hH` !A .U.!B .U..@ .U... 2.. 0............F.....%A .] (p../.....(... ......@ .].(... ...!@ .U.....
..F.#.".. F....A..(... ..!!A .U@!B .U. `dgb..`.. `c.... F.........(..`l.(.....!@ .U... .....!@ .U... ..`..(...  .. .. .
...#.. F........`. .. .. ....#[. F........*F1F F.....(..`l.(... ..`.. ..ajH.`b.x!h.b`.@.`. .@. . ..().`..(&.3F.".! F...
....(... t.`..(...  .. .. ....#.. F........`. .. .. ....#[. F......`..(..*F1F F.....(..`l.(... I.. G.  !h.a h@h.I.@!hH`
 !A .U.!B .U..@ .U... 2.. 0.......pGpG.F5 @\pG.....F.&.'. ...%. .....,... ....5 .].(...!4 .U F..n..!5 .U`i.(...'.&/..h.
(... ..... .........!I. i.B..ai.....#ZC.F..M.E.....A.....F..!HC..ai..@.E..!(F..;..F......F.?..........&.' i8C0C!h.b.!..
`h.C.h.C.h.C.i.C!h.i.J.@.C!h.a h.i...h0(...!.....C!h.a....!h.a. .c.!5 .U. ..@...pG...F.F.F.F.....-... ....4 .].(... ...
!4 .U..5 .].(X. h.i@.@..(.. h.i@.@..(..h... .h...`...%.e.. .c"!5 .Ufb h.i.!...@.B.. h.i.C!h.a h.i.!...@.B.... h.h.. h.h
........;F.".! F..r..(... .. h.h..bj..`b..`.@.`.`..(...!5 .U...!4 .U... .....!4 .U... .....H.h@..I.`pG$.. ...H.h.!.C.I.
`. ......... ... .@.F. pG.....H.k.!...C.I.c..\...P..H.h.!.C.I.`...F.h.!.C.I.`....6............@. .@.......!.@.J.`..pG..
...........!.@.J.`..pG.............!.@.J.`..pG......p..F.F.F)F F....p....H.h.!...C.I.`pG.p.@.H.h.!I..C.I.`pG.p.@.H.h.!.
C.I.`pG...p.@.....F.&. .....$.'.....-~....-|..-{..-z..-y.5. -..@-L....8.(..`..H.i.i.!...@.F. ...B....0@.(..`...4.. @..B
... 0@.(...H..).. ...B#..H@8.h.!I..@.(...H@8.h!..@...!....@...@...@....H.....H.....H.....H....... ..>..H.h.!...@.F.,A..
H@8.hI..@.(:..H@8.h.!...@.F.H@8.h.!...@.....I.\....@.....4.^........H@8.h.!...@.(...H@8.h.!.@.(...H.....H.....H....xC..
......H...... ...B..zH@8.h.!.@.(...H..... ....tH.h.....,....A......,..nH@8.h.!.@.(..qH.....,....A......,..eH.i.!I..@.(.
........ ....^H.h.!.@.F.,...........,..XH@8.h.!.@.(..[H.....,...........,..OH.i.!I..@.(......... ....HH.h.!...@.F.,....
....%.. ...B..@H@8.h.!.@.(..DH..... ...B........... ...B..5H.i.!I..@.(......... ..Y./H.h.!...@.F.,........... @..B..'H@
8.h.!.@.(..*H..... ...B........... ..4..H@8.k.!...@.B....~...... ..%..H.h.!...@.F.,....o...... @..B...H@8.h.!.@.(...H..
... ...B....}...... ................@..@.... ...@B........=..>...$....z..l.....F.&.% ! h.@ (|. h.@ (.....'.H.k.!...@.(.
..H.k.C.I.c.'.H.h.!.1.@.(...H.h.C.I.`.....F........d(... ...H.h.!.1.@.(..{H.h.!...@.F`h.@.B....`h.@.B..tH.h.!I..@.(... 
..oH@0.i.!...@.F.-<.`h.@.B8. ! h.@ (3.fH@0.i.!...C.FcH@0.i.!...C`I@1.a.F.i.!...C\I@1.a.F.a..(@.(....P..F..9...K...UI.B.
.. ..QH@0.i.!I..@@..(.......!..`h.@.B..HH.h...C."..ah.@.CDI.`..BH@0.i."..ah.@.C>I@1.a.../..;H.k...C9I.c.. x.....(..5H@0
.h.....h.C2I@1.`.! h.@.(...H@0.h.!.C.h.C*I@1.`.! h.@.(..&H@0.h.!...C!i.C"I@1.`.! h.@.(...H@0.h.!...Cai.C.I@1.`.!.1 h.@.
B...H@0.h.!...C.i.C.I@1.`@! h.@@(...H@0.h...C!j.C.I@1.`.! h.@.(...H@0.h.!...C.i.C.I@1.`. .......@.p.@....p..F.F.&vH.h..
...B..sH.h@.@.(CqI.`.F.h.....B... p..! h.@.(..jH.h.!.C.h.CgI.` x.....(L.`h.(..bH.h.!I..@@..($.. ..`h.(..\H.h.!I..@@..(.
.. ..`h.(..UH.h.!.@...(... ..QH.h.!I..@@..(... ..LH.h....ah.CII.`..7..F`h.(......0...DI.B... ..@H.h.!.@.(..4.`h.(......
....:I.B... ..7H.h.!.@.(..!.`h.(..........1I.B... ..-H.h.!.@.(............)I.B... o.%H.h.!.@.(..!H.h.....B...H.h@.@.(C.
I.`.F.h.....B... T..! h.@.(...H.h.!...C.h.C.I.`.! h.@.(...H.h.!...C!i...C.I.`..D..I.h.".@...JQ\.@.I.`. ..... &.... .@..
.@.....>.. .. .H.hpG.. .. .......I.h."...@...JQ\.@.......@.>.........I.h."...@...JQ\.@.......@.>.....%.&.'.$. ..../H.h.
 (@.(G..(...(...(@...)H.h.!.@.(..'H....&H..B.&H..?.. ..(@..#I.\. ..(@..G..H.h.!...@.(...IqC.F9F.....F...H.h.!.@.(...IqC
.F9F.....F...IqC.F9F.....F.......H@h.!I..@@.....@..!.@.................@..=..$....z..>.....F.% x.....(...H.h.!.@.(...H.
h.@.(...H.h.!...@.B...H.h.!I..@@..(e.`h.(b.. .....!..`h.B...H.h.C.I.`'..!..`h.B...H.h.!...C.I.`.F.h.!...C.I.`...H.h.!..
.C.I.`.F.h.!...@.....H.h...C.I.`..`h.(.......F......@..I.B... ...H.h.!I..@@..(.........F......@..I.B... ...H.h.!I..@@..
(...! h.@.(h..H.h.!.@.(...H.h.@.(...H.h.!...@.(...H.h.!.@...(...h.(... z..H@h.!...C!i...C.IH`?..h.($..H.h.!.C.h.C.I.`..
A..F....=.@..(... Y..H.h.!.@...(...H@h.!...C!i...C.IH`...H.h@.@..I.`.....F......@..(... 6..H.h.!.@...(...! h.@.(`..H.h.
!.@.([..H.h.!I..@@..(...i.(... ..{Haj@h."R..@.B..`j..;..(... ..tH@h.!I..Caj.CpIH`.F@h....!....ClIH`..jH@h.!I..Caj.CgIH`
.F@h....!....CbIH``j.....(... ..`j@.@..!.@..[I.h.".@..ZJQ\.@ZI.`. ....I..i.(,.RH.h.!.1.CPI.`.....F......@..(... ..IH.h.
!I..@@..(..EH@h.!I..Caj.CBIH`.F@h....!....C=IH`..<H.h.!.1.C9I.`..n..F....j.@..(... ..3H.h.!I..@@..(...! h.@.(9.`i.(..+H
@0.i.!.C(I@1.a..K..F....G.@..(... c.!H@0.i.!.@@..(.....H@0.i@.@..I@1.a../..F....+.@..(... G..H@0.i.!.@@..(...! h.@.({..
&.H.k...@.(...H.k.C.I.c.&.H.h.!.1.@.("..H.h.C.I.`.......@.....>.. .. .p.@.....F......@.d(... ...H.h.!.1.@.(.....!.1.h.B
...H.i.C.I.a0..h.(...H.i.!.1.C.I.a.F.i...C.I.a...!...h.B...H.i.!...C.I.a.F.i...C.I.a...H.i.!.1.C.I.a.F.i...C.I.a...h.(.
......F../.....@..I.B... ..|H.i.!I..@@..(.........F......@.uI.B... ..rH.i.!I..@@..(......mH@8.k1..CjI@9.c.. ! h.@ (R..i
.(+...dH@8.h.!.CaI@9.`.F@k.!.C^I@9Hc^H.j.!I..C\I.b....J..F....F.@..(... b.SH@8.h.!.@@..(..#...NH@8.h@.@.KI@9.`LH.j.!I..
CII.b....%..F....!.@..(... =.@H@8.h.!.@@..(...j.(r.;H@8.h.!.@.(i..j.(H.6H@8.h.!...C3I@9.`.....F......@..(... ..,H@8.h.!
I..@@..(..!k.j.Cak.C%I@9.h."...C.C!I@9.`.F.h.!...C.I@9.`.....F......@..(... ...H@8.h.!I..@@..(.....H@8.h.!...C.I@9.`...
..F......@..(... ...H@8.h.!I..@@..(..... ... ...p.@@..@.......@pG.F..  @\.(... pG."  BT..."! BT... .hPbS .hPb...h.h ".C
.h.`... .hPb..."! BT..."  BT... .....F.........F h.h.!...@...(.. h.h...@...(.. F.... h.h.!.@.I.C!h.` h.h.!I..@@..(.. h.
h...@@..(.. F.... h.h.!.@.I.C!h.`. @..IHa.!! .U.............@p..F.F.&..  .].(... p..!  .U...!! .U... !hHbS !hHb... .0.B
FCARM FILE CONVERTER V2.57                                                            03/06/2019  12:14:09  PAGE 4


,. h.h)F.C!h.` h.h)..C!h.`.....F........}!...B..... !hHb...!! .U...!  .U... .. h.h.....(.... h.h.!I..C!h.` h.h.!I..C!h.
`.....F........}!...B..... !hHb...!! .U...!  .U... .. h.h.!.@@..(..... !hHb...!! .U...!  .U... .......F.F.F.%0h@h.I.@.F
. ..(@...p. ..(@..`p.....p. @.(@@. p./...x.....p`x....`p.x.....p. ..?......F.F.F.&(h.j``(h.i@.@..`(h.h.I.@.F? ..0@.. p.
 ..0@..`pp.@..p. ..0@...p./.. x.... p`x....`p.x.....p. .........F.,... ..! .].(...!  .U F..T..!! .U... !hHbS !hHb.. F..
...(..... !hHb...!! .U. .. h.h.I.@!h.`!i`h.C.i.C!h.h.C!h.`!h.h.a h.i!....C!h.a h.h.!.C!h.` h.l....!h.dai.i.C!h.l.C!h.d.
.. !hHb...!! .U. ...........F. ... ... .0.........(......  .............(.......H.i.!...C.I.a.".F. ..... ..........@..@
...F.F.F.'. ......  .].(... ...!  .U...!! .U..*. h.h@!.@.(..... .p...i.(......(x......hx.......C.x.....C.x...C !H].....
..C.i.Chi.C../. h.h@!.@.(..(x......... .p...i.(.. !H]........ !H]........(x..ix...C.x.C.x...C !I]...C.i.Cii.C...ihh.C..
... !hHbS !hHb...!.1hj.BA. h.h.C!h.` h.h.!.@MI.C!h.`.....F........}!...B..... !hHb...!! .U...!  .U... b. h.h.....(....!
h.a..!hHd h.h.!.1.C!h.` h.h.!...C!h.`C. h.h.!I..C!h.` h.h.!.@,I.C!h.`.....F........}!...B..... !hHb...!! .U...!  .U... 
.. h.h.!.@@..(....!h.b..!h.d h.h.!I..C!h.` h.h.!I..C!h.`.H.h.!I..C.I.`.F.h.!I..C.I.`... !hHb...!! .U...!  .U... .......
........@...F.F.F.'..  .].(... ...!  .U...!! .U....hx.!.@.(..hx.!.@.0hp.....x......hx.......C.x.....C(x@..C.F..hx.....F
.x.....F.x..ix...C.x.C)xI..C.F... !hHbS !hHb.. F.....(..... !hHb...!! .U...!  .U... ...H8@!hH` h.h.!.C!h.` h.h !.@.(.. 
F.....(..... !hHb...!! .U...!  .U... ..... !hHb...!! .U...!  .U... u...?......F.F.F.'..  .].(... ...!  .U...!! .U.... h
.h@!.@.(..... .p..(x..]...hx..Y....C.x..T..C.x...C.F.. h.h@!.@.(..(x..8..F... .p..(x..ix...C.x.C.x...C.F... !hHbS !hHb.
. F..7..(..... !hHb...!! .U...!  .U... .. H8@!h.` h.h.!...C!h.`)i.h.C!h.h.C!h.` h.h.!.C!h.` h.h !.@.(.. F.."..(..... !h
Hb...!! .U...!  .U... q.... !hHb...!! .U...!  .U... b.....p..F.% h.h.!.C!h.`..!..F......@.}!...B... p. h.h !.@.(... ...
..F.,... ..Q .].(...!P .U F..7..!Q .U h.h@!.C!h.`.h`h.C.h.C!i.Cai.C."R..i.@.C.i.C!j.C.j.C!h.`.i...!.@aj.C!hH`!h.j.a h.i
...C!h.a. `e.!Q .U. ..pG...F.F.F.F. ..Q .].(..Q .]"(s....../...-... ....P .].(... ...!P .U..Q .].(..2!Q .U. `e.c....&c.
....d.d.!I..j.B.... h.h.C!h.` h.h.!I..C!h.`.. h.h@!.@@(.. h.h.C!h.`.!...h.B}.`h.(...!.1`h.B.....(.. k..!h.` k.. c..@...
...( ..!I..j.B.. h.hI..C!h.`.".! F.......(... ..8. h.h.k...k...c..@.....5..".! F.......(... {. k..!h.` k.. c..@......(.
..!I..j.B.. h.hI..C!h.`.".! F.......(... Y. h.h.k...k...c..@......(..`h.(...".! F.......(....... =. h.h.k...k...c..@...
..`h.(...!.1`h.B.....(..!kH. c.x!h.`..@......(...!I..j.B.. h.hI..C!h.`.".! F....g..(... .. h.h.k.p..@...O.4..".! F....T
..(... ..!kH. c.x!h.`..@......(...!I..j.B.. h.hI..C!h.`.".! F....3..(... .. h.h...kP..c.p..@......(..`h.(...".! F......
.(... .. h.h...kP..c.p..@....!I..j.B...".! F.......(..`m.!.C`e. .. h.h....hF...".! F.......(..`m !.C`e. ...!Q .UI..j.B 
. h.h.!.@...(..`m.!.C`e.. h.h...C!h.` h.h.!I..C!h.`.....!P .U... _....!P .U... X.. V..F..h @\.(... pG."h BT..$"i BT.h.h
.".C.h.` "i BT..."h BT... ..p..F h..5..F.-..(F....p.p..F h..)..F.-..(F..).p....F h.i h.h(........(..  (@.(..  0@.(.. F.
.&... h.h...(~......(... !00@.(.......(... .00@.(... !h.b.n.!.C.f. (@.(.......(... !h.b.n.!.C.f. (@.(.......(... !h.b.n
.!.C.f. (@.(..  0@.(.......(... !h.b.n.!.C.f.n.(A.  (@.(..  0@.(.. F.....n.!.@.(.. h.h@!.@.(&. F.... h.h@!.@.(.. h.h.C!
h.``n.(..&Han.c`n.....(..`n.k.....G.. F..R... F..N... F..J.. .fi.. ..(@.(... ..8@.(... ..!h.b !i .Uj .U F..%.R.. (@.(..
. 0@.(.. F....F.@ (@.(..@ 0@.(.. F..R.:...8........F.,... ...i.(......i .].(...!h .U F..I.$!i .U h.h@.@.!h.``j.(.. F..Z
. F.....(.... h@h.!...C!hH` h.h*!.C!h.` h.h.!.C!h.` F.........F.H...(..."......R......"......pG. ... ... ... ........p.
.F h.....F.-..(F....p....Fj .\ (j..)...*... ...$$..h.B...i.(.......(... ....h .\.(... ...$h .T..YeX .RZ .R..$..h.B...i.
(.. L\ .R ..$\ .R...h.(...i.(...$\ .R...$\ .R...$$..h.B...i.(...$\ .R..?$\ .R... .f"$j .T...$h .T...h.h.$ C.h.`.h.h.$!4
 C.h `. ... ........p..F h..]..F.-..(F....p....F.F.F.F. ..i .] (j..-....... ...!...h.B.. i.(.......(... ....h .].(... .
..!h .U... .f!!i .U......P .SR .S%.R .[@...R .S...".! F.......(... ...!...h.B.. i.(......(.....!h.b....(xm.!h.bR .[.(..
..."@! F.......(... .. !i .U...!h .U... ... ..pG.....H.x.(+.. .I.p.H.I.`.!.H.d. ...IH`.!.H.a.!.c.!.a.`.!.c.!.a.!.`.bAb.
b.!Aa.!.c.H@k.!I..C.IHc.H......-.. .$.@... ...@|..F.%$H.x.(B..."H@h.!.@...(.. H@k...C.IHc.!.H.....H...H..iF.H..9.... ..
..iF.H..1..H..F..!.C.H.....H.........H.h.h.!.C.I.h.`. .I.h.`...H@k.!I..C.IHc(F|.-.. .p.@...@... ........p..F.F.F2F)F F.
.1.p.p..F.F.F2F)F F..'.p.p..F.F.F2F)F F....p....F.F.F.F;F2F)F F......p..F.F.F.,... ... .F1F(F....p.p..F.F.F.,... ... .F
1F(F....p.p..F.F.F.,... ... .F1F(F....p...p..%.&.H..J..F.....$...I...JQC.F1F.....F.H.B...%...Hd8.B...%...Id9a.."QC.Fd!.
.....(Fp......D`........H.i.IIiH@.IIjH@pG..@....I.i.JRj.....q.I.i.JRj.......q.I...J........Aq.I.|.J.....q.IIi...p.IIi..
...p.I......Ap.I.}.ppG..@........!....d...5H.j.!.C3I.b.F.j.............F.j.!.C,I.b.F.j.!.@........'H.j.!.C%I.b.F.j.!.@.
....... H.j.!.C.I.b.F.j.!.@....... ... ...H..... .......H.....H.......H.......H.....H.j@.@..I.b.F.j.!.C.I.b.F.j.!.C.I.b
.F.j.!.C.I.b.........@...........P...P...P....*H.x.(O... .(I.h.G..............$H.j.!.C"I.b.F.j.!.@....... ... ... ... .
....H.....".!.H..|..........H.j.!.C.I.b.F.j.!.@......@ ... ... ... .....H..c.."@!.H..Z.... .I.p....... |=.....@...Pp..F
.%.& F.....F..~..F......y....B..p......F.F...")F%H......oh."!F"H.....")F.H....hh.B...x.IHC.....x..........A....I...I..a
xI.="QCH.....J.axI.K....@....Q....x@....HFC.xhx<"PC..(x."..PC.......JihQ.F.0F....(.. ....PUD......Q....... pG.H.hpG..t.
. ......hF.....F.H.h .....t.. ......hF.....F F.......H.x.(....C...7...w.. .I.p....(.. ... .....H..E...(.. ...F....!..J.
 .^...B... ....... .........(... .....H.!A^d. F..T.....*.. ...!.1.H..\.....(.. .....H.I.`. H`.!.H.`.I.`.!.a.a.a..4..!hF
.q.!Aq.q.q."...H.....!hF.rAr.r.r. ......."...H..s..H.........(.@(.. .......I.F.0.....I...`.F.h..x.. .....F. .....&.'.%.
"]I....C.[H...i....... @.XI.aXI........!@..........hF.y..RH$.h...PH.B..hF.z... ..$.x.... ...B..hFFz..<<p...<,..hF.z....
.....!....@.......@......!.....B......<8....p.....<(....0F<8..x...<.....8F.8..h..../..iF.y..........A...hF@y@.(I.\.B..h
F@y@..F.\(F..".....hF@y@.!I.\.B..hF@y@..F.\(F.......I.....IH`. @..a...pNp.p.F 0.phF.z.p. .aHa. .0Hb. .`.a.".H..........
..4.... @..I.b......x.. ...P.....Q...>...>..L.. (.. ...H.h.h.!.@.I.C.I.h.`.!.1.H..,.....(.. ....p..F0F}!..k..F.".#....p
.p..F0F.!.._..F}".#....p...... .C.#.......H..[.hF....... ...H.I.`.H.....I.a.!.H.`. .0.IH`.!.H.aAa.`.b.b.!I..a.!Ab.H@k.!
...C.IHc.H.....(....D..........0.@... .......@.....!hF..... ..... ... ..jF.!.H....jF@!. ......jF.!. ....... ....jF... .
......"... ...............P.......h.i.".@I..)...!.h.b.h.i....."Q@Q@.)...h.i.C.h.apGp..F.F.F h.i.!.@...(:...h..(...-....
.....B.. !A .U.!B .U..@ .U... p. h.i !.@@..(... !h.a  !h.a F.... h@h.I.@!hH`. `d !A .U.!B .U..@ .U... ... ...........F.
F.F... @....#.. F......9F F....9..(..`l.(... ..... ........!h.b... ..(@..!h.b9F F.......(..`l.(... ... ....!h.b..;F."@!
.. F..g..(... ... .......F.F.F... @....... F....:.9F F.......(..`l.(... ..... ........!h.b... ..(@..!h.b9F F.......(..`
l.(... ... ....!h.b..;F.".!.. F.....(... ... .....F.!.hih.M)@.......'?.>@5C.C..5C)C.hi`...........F.F.F.F..h..(...-....
....@..B.. !A .U.!B .U..@ .U... .. h.i0@.B... ... .B... ....p..F.F.F:.2F)F F.....(... p. h.i !.@@..(..  !h.a h@h.I.@!hH
`. `d !A .U.!B .U..@ .U... ...-....J....B..`l !.C`dA .U...!@ .U... .. h.i.!.@...(... ........p..F.F.F..2F)F F.....(... 
p..-.........B..`l !.C`dA .U.!B .U..@ .U... .. h.i !.@@..(... ..p..F.F.F!.2F)F F.._..(... p.h..(...-.........B..`l !.C`
FCARM FILE CONVERTER V2.57                                                            03/06/2019  12:14:09  PAGE 5


dA .U.!B .U..@ .U... .. h.i.!.@@..(... .......F.F.F.'.....F...( ...h..(...-.........B...!5 .U...!4 .U... .... h.h0@.B..
. ... .(......h..(...-.........B...!5 .U...!4 .U... .. h.h0@.B... ... .(... .....H.x.I.x.B... pG. ..... ... ...........
.................!!! KETCube ERROR !!!......H..... .I.p.H.h.H../..H..A...... ,.. ... .....F.F.F...I..Hq.q ....q ....r .
Hr.r(....r(....s(.Hs.s.H..8..H....D..".I.H..I...9F.H..D..I.H..O..H.x...I.x...C.IIx...C.I.x.C...`......... @.. ,.. ...F.
F.F.,... .. h.(..`h.(...h.(... ..(F.....(... ...H.`.H.`.H.p. .I.p.I.p.I.`.I.p.I.p.I.`.I.`. iF.pwH.x..t....(... ... zI.p
.!hF.piFoH.x..d...@.uI.p.!hF.piFiH.x..X...@.oIHp.!hF.piFcH.x..L.jI..H`.!hF.piF^H.x..A.eI...`.!hF.piFXH.x..6._I...`.!hF.
piFSH.x..+.ZI...a.!hF.piFMH.x.. .TI..Ha.!hF.piFHH.x....OI..Hv.!hF.piFBH.x....II...a.!hF.piF=H.x........CH.0.q.!hF.piF6H
.x........<H 0.q.!hF.piF0H.x........6H 0Aq.!hF.piF)H.x......../H 0.q. -I.v.!#H.x......m.*I*H..R.}!..(H....'I(H..I.'I(H.
.E.'I(H..A.'I(H..=.'H(I.`(H.`(H.a(HH`(H.`(H.h"H.G'I.`%I.i.G.F..K.. #I.p.F.x.....IHk.G. ....... ... ... ... ... ... ... 
... ... ... ... L.. .p..t.. .~..... .}..... .}..... .p..... .{..... it...z...|..M{..|=..... ... ...F.F.F.F.H....1F.H...
...!F.H.....I.H.....H.x...I.x...C.IIx...C.I.x.C8`....@.. ,.. .....F.F.F.......".!.H.....J.!(F.....".!.......!hF.q."1F@.
....."...0....}..J!F.......".!.......!hF.q."1F@...k.."...0....e..J9F..........L.. ...F.F.F.F.".!.H..l..J.!8F.....J!F(F.
........J!F.1(F.0......L.. .....F. ... .....,... ....CH.x.....(..@H.h.!.@.(... ... ...".!;H..4.. 9IHp x.(...(...(4.$.. 
..4I.piF.{.!.C@0.. y...h...'.W#.. ..,I.p.{*I.piF.{.!.C.0.. y...h...'.W... ..!I.piF.{.!.C.0..eh&..'.W.........(+..H.x.(.
...."...H.x.....(..hF.z.IHp... ..3F*F.............(.. x.I.p.H.x@.@.@..I.p... .I.p..v.... ... ... ... ... ... $.. ... ..
. |..F.%.,... |. x............"%(,0:J@TX\`dhlpxt|...?H.x qw.>H.x qs.=H.x qo.<H.h``k.;H.h``g.:H``d.9H``a.9H.x q].8H.x qY
.. iF.p5H.x......``O.3H.j.i.```I.. iF.p-H.x......``?.. iF.p(H.x......``5.&H.~ q1.$H@h``-."H.h``). H.h``%..H.i``!..H@i``
...H@x q...H@x q...H.x q...H.x q...H.h``...H.h``...H.h``...%....(Fm.... ... ... ... ... ... ... ... ... ... $.. L.. ...
 ... ... >..F.%.,... >.|H.x.....(... .. x........'+/37BMU.Ym_{............. yoI.p.F.x.(...(...(....kIHk.G..... iI.p..=.
...... yfI.p.. yeI.p..dI`h.`..cI`h.`..`h.(..."`Hah.......%..`h.(..."\Hah.......%.. yYI.p.F.x..g... yVI.p..UH.hah.b.a..`
h... iF.r..PH.x..D..(...%{.`h... iF.r..IH.x..6..(...%m. y.(.. y.(.. yAI.v...%a.>I`hH`].<I`h.`Y.:I`h.`U.8I`h.aQ.6I`hHaM.
 y..."iF3H.x..C..(..hF.x0IHp...%<. y..."iF+H.x..2..(..hF.x&IHp...%+. y..."iF"H.x..!..(..hF.x.I.p...%.. y..."iF.H.x.....
(..hF.x.I.p...%...I`h.`...I`h.`...%....(F....... ... |=..... ... ... ... ... ... ... ... ... $.. ... L.. ... ... 0....F
.%.,... ..0.QH.x.....(... ...".!MH..... KIHp x.(...(]..(|.k.EH.h.!.@.(... ..`h.(...h.(...h.(.. |.(... .. |..."..:H.x...
..(... iF.p5H.x...... t3H.x.!.C..1I.p x-I.p/I`h.`/I.h.`.I.h.`. -I.p.!..hF.|.!.C....{.(H.x@..... H.x....$IHp.#.F.F....2.
.F!..H.x.!.C...I.p x.I.p.".F. .....F.. x.I.p.H.x.!.C...I.p....,..F.........-... .I.p.H.x.!.C.I.p(FZ....  .. ... ... ...
 ... ... ... $.. ... .....F.F............)F F.................F.F.'. ...".!0H.....J.!....O.-I..Hq.q0....q0....r0.Hr...r
.......r.......s....Hs . I...s..@......J.I.H.....$..9...@\.I.]H@:....T`....,..(F.8..8F.0...-...-...I...s.J.I.H.....$..9
...@\.I.]H@:....T`....B........L.. ... <.. p....F.F0HAx...x../H.x/I.x@....,... ..p..!hF.u*H.xhFAu)H.h..(HAxhF.w&H.xhFAw
#H........#H.x.... HAxhFAs.!.s.H.x.(... iF.s...H.x......`p`x.B..`x@. p...  p. ..."hF.!AV0F..5..(... ..*FhF.!AV0F..*..(.
.. ... ..L.. ... ... ... ... $.. ... ... 8..F..."iF.H.x.....(...H.p8.... ... .......Fr..J.h.C.K.`.F......pG..T.. ......
.Fr..J.h.C.K.`.F......pG..T.. .H.hpG..T.. .F.".2...B>....)7....)-..),..),..)-.*. ),.@)+..)&.)..#.....B)....8.8.(!..8.8.
8.(..."......... ......."R.....R.......... pG... ........................... ..Ax.)...x.)...)...)...............!.J.ppG
|.. .....F`x.(...... x.(...(...(...(................pH.x.(..nH..@.mI..`{.(p..x.(n.iH.x.(/. {.(+..h.x.(...h@x.(...h.x.(.
..h.x.(... ^I.p. ]IHq. .q. YI...s.s.t. .pHp.!...q.!.r..../.. .......h.xNIHp.F@x..........")@Gh~. GI...p.!...qGH.hAz...r
....... ....f.. @I.qb.. =I.p;IHp\.. :I.p. 7IHpU. {7I.q. .h.p. ..`.M..h.\I.1J.h.TA.../I.y.B..>.. iF.t......7.. &I...p.!h
F.q&H.hAzhF.r.......!hF.t"H.."I.."I...!...t..... .I.p.. {.(... iF.t.h@x...h.x.CiF........... .IHp.........x.IHq {.q.F.y
.h.h..v..H.h.i.H.G............. h.. `.. l.. 2.. :.. B.. p.. x.. .x.)...)....Ax.)...!.J.p...!.J.p..Ax.)...I.x.)...J.s.z.
sAz.t.......!.J.ppG..p.. ... |.. pG.....(...J.....;.....X.....#.@.C.........@.C.K..$..<.....Q...J.#.........X.....#.@.C
.........@.C.K.$$........Q...............H.....H.x.(...I.p.H.h.!.C.I.`.H.x.(...H.x.!.C.0.I.p..... ... ... ... ... ... .
..$.H.....H.x.....(}..H.h@!.@@(...H.h.C.I.`.F.h@.@..`.H.x@....(...H.x.....(...H@x.(...H@x.(...H.h@.@..I.`.H.x.IHq. .q.`
.$.H.x.(P..,N..H.x@....(...H.x.(...I.p.H@x.(...H.~.p. .I.`.H.x@....(...H.x.....(,..H.~.I.x.B...H.x.....(... .I.p.H.h@..
I.`.H.x.(...H.h@..I.`.H.h@.@..I.`..|..H.x.!.C.I.p..<..H.x.....(!..H.y.(...H.x.I.x.B... .I.p}I.p.H.x.(..}H.h@.{I.`vH.xsI
HqqH.h@.@.oI.`yH.x.(H.lH.h.!.@.(}.tI.pkH.xqI.x.BY.hH.x.(U.fH.x@.eI.p.x....I.I.A..)... iF.pgH.x..f._I. .V@....B..\I. .V@
.....@.XIHpWH.!AV]H.x]H.x.....(..KH.x.!.CII.p..M.9.. HIHpFH.h@.@.DI.`. FI.pBI.qCH.xHqEH@x.pFH.x.(!.BH.h@.AI.`...!DH.x..
,.6H.h@.@.4I.`. 6I.p2I.q3H.xHq8H.x.(..4H.h@.2I.`*H.h.!.@.(..'H.h.C&I.`%H.h.((."H.x.....(../H.h.h.H.G.H.x@.@..I.p.H.x@..
..(..&H.h.h.H.G.H.x.!.C.I.p.H.x.!.C.I.p..}!...H.....H.....H.x.....(...H.hAh.H.G.H.x.!.C.I.p..t.. ... ... ...  .. ... ..
. ... $.. ... ... ... ... ... ... ... ... ... ... .....F.F. ......... ... .....'.......&...H...H... .....I.q.I.......t.
H.xHt. .p.pHq.`.sHs.tHa.p.H.x.(...IHk.G.H......A.....!\.....x@..(...(}..(|..({....H.x.(...IHp........h....K.H.h`...U...
.x.II..p(......H.h.H@.....(..II..\.C...\...C...\...Ch..\...C...B~..H.K...H..I..H.h.....H@..y.I.`.H@.@y...h.C.I.`.H@..y.
..h.C.I.`.H@..y.I.`.H@..z...h.C.I.`.H@.@z...h.C.I.`.H@..z...h.C.I.`.H@..z@.@..IHv.H..A.?.A.@..z.....H.0.q.H@..{.....I.`
.F.h.(... .`.H.h}!..HC.I.`.F.h}!..@..I.`.H.0..(F.8...v...H.x..... .IHp. .I.p.H@x.....IHp... .IHp......A..... \....A....
. \.....C....A..... \.....C....A..... \.....C..zI...h.B#.}H.h.......h...B... ...........0....Fj.....j.....(.......(... 
^IHp....... ..XH..XH..iH.h..A.....!\....A..... \....A..... \.....C...........0..(. \.C.. \...C.. \...Ch. \...C........@
......!.....B....6....!......(... F...........B... ..... ..1............"........(... F...........B... ....... ...s../H
.x.........B... .IHp.FFa..!......(o.. .IHp...p........Hq. .`.s.FFa. .IHp"I.`"I.p...(A.. .I.p..@j.B....@j.(... Hp.FFa...
.R...FbX...... ... ... ... ... ... |=..... ... ... ... ... ... ... $.. ...  .. L.. ... ... ... ... ...x@..(... yI.pyI.p
yH.h.B..wH.h.(... ....... qI.pqI.pqH.h.B..oH.h.(... Hp.FFa......iH.`(...@..(U...A..... \..(...@....._I...p...(.........
..(..[H.!........ ..................!SH......6.. ..3..........(........@....! F....HH.!........ ...........d....(..@H=I
.`...s. Hs...........(.......! F.........((..........(... 1I.q-I.t0H..=.... -I.q.H.x.I.x.B..*H..0.+H.x.!.C..)I.p...  IH
p....b.....!.*F.H..... .I.p. Hp.H.`..(..s.H.x.!.C...I.p... .IHp.........H.x.(...H.x.(.......H.x.!.C.0.I.p.!.H.....H....
..(.... ... ... ... ... ... ... ... ... ... ... t.. ...H.x.(...IHk.G....U..H.x.(...H.x.(... .IHp. .IHp.H.x.!.C.0.I.p...
.... |=..... ... ...  .. ... ...H.x.(...IHk.G....%..H.x.(...H.x.(... .IHp. .IHp.H.x.!.C.0.I.p....... |=..... ... ...  .
. ... ....c..F7H.x.(..6IHk.G......4H.x.(..3H.h3H....2H....,H.x.(../H.h/H.....H....&H.x.(..+H.x.(*.. iF.r..(H.x....#J...
h..%H....$H....... "IHp. "IHp"H.x.(.. H.x@.@.@..I.p.H.x.!.C.0.I.p.H.xiF.p...H.x.....H.`.H.x..R..H.x.(...IHp.H.x@..I.p..
FCARM FILE CONVERTER V2.57                                                            03/06/2019  12:14:09  PAGE 6


... |=..... ... ... ... ... ... ... ... ...  .. ... ... ... ... ...H.x.(...IHk.G....a.. .IHp.IHp.H.x.!.C.0.I.p..... |=.
....  .. ... ...H..... .I.p.H.xhF.p.HAxhFAp.H@~A.hF.p.H.xhFAr.!.r.H.x.(... ... iF.r.H.x.(...I.k.G.JiF.H.x..T..JQhjF.z..
......... ... ... $.. ... ... |=..... ... ...H..l..H.xhF.p.H.yA.hFAp.H.8.i...H.xhFAr.!.r.H.x.(... iF.r... iF.r.JiF.H.x.
....(...J.:QhjF.z..K.jF.z.I.p..... ... @.. ... ... ... ... ... >.. iF.phF.....F.,..hF.y.(... .I.p. .I.p... .I.p>...p.. 
|.. ...H.....".!... ........x.. ...H.....H.h.!.C.I.`.H.x@....(,..H.x.((......H.x@......H.x.....IHp.!..hF.{.!.C...!..hF.
z.!.C.I.x...".@.C... .F.F........S...G...... ... ...  .. ... ... $.. ... ...F.F.!.%.,...*... ...!-.`\.........$.#....".
%....FK...#\(Fo....Tc\(Fo....T..c\(Fo....T..........H...............H....B..(F..pG.....F.F.$. ......... .I...I.p.......
I...p...x Fa....I.T...x@..(...(y..(z..(w....H.i.I.h@..I.`.H@i.I.h@..I.`.H...I.F.....".I.h..5..H...0.I...I.J.....".I.h..
'..H...0.I...I.i.G.I...F.x.H....@..K...H.T.H.....F....I....I.T.F.x...H.h.H..)......H....@..K...H.T.......F....@....H.T.
......F....@....H.T.....F....I....I.T......... .I.p...H.x.(... .....!hF.v(x..hFAv.H.h...HAx...p.H.x..Ap.H.KZ......H.x..
Q...@!.@..(x.C...C(p.H.!AV.H.x.H.x.....(... ...H.h.I.h@..I.`.H.h.I.h@..I.`.H.x.(... .I.p(x !.C 0(p.H.x Fa....I.T.H.....
. Fa...}I.T.H.h.... Fa...yI.T.H.h..!Fb...uJPT*x Fa...rI.T.H.x Fa...nI.T}H...... Fa...jI.TzIuJ.x..yI.xyI..4.qH.xuI.x@.oI
.p...().^H.x.(%..F.x.(1.oH.x.(-.(x....)xdJ.x.......C(p(xSIHq.'..bH.] Fa...OI.Tx...ZH.x.B....WH.x.(..\H.x.(..SH.xDI.pUH.
.. ... VI.pTJMH.xPH..=.PI.p.F.x.(... NI.p. FI.p...(2.5H.x.(..!Fb...3J..PT...(..EH?I.h."......;HBJ.h*H.x........=H7I.h."
......3H;J.h"H.x...... I...I.x3I.....H.x ..I....*I.h."......&H,J.h.H...H.........J.H...T.......H..@..T.......H.....T...
..I....PT.H.....I..K...... ... ... ... $.. ... ... ... ... ... |=..... ... ... ... ... ... ... ... ... ... ... ... ... 
... ... ... .....H.x.(...I...I.x1F..-..H.x ..I..... c.... `.... ... ... ...H.h@!.C.I.`.H.x.(.......H.x.(...H.x.(.......
H.x.!.C...I.p.F.x.!.C.0.I.p.!.H.....H........... ... ... ... ... t.. ...H.x.(3..H.{.(... .I.s. .I.q. .h.p.H.{.I.hHp.H.|
.I.h.p. .IHp...H@x.(...(... .IHp... .I.q.H.....h.p.H.{.I.hHp.....H.h.I.h.H.G..... `.. x.. h.. .....F.F.F. .... Fa...(\.
..........n......... .IHp Fa...(\.I.r Fa...(\.IHr~..!........`.@...`.0...hF.w...............H.x........@.@..(#..H.x.(..
.I. .VjF.!QV.B...I. .V.!QV.B... ....hF.!AV.HAphF.!AV.H.phF.{.I.v.'...". ......x....!hF.z..p..B..hF.z@.....&. Fa...(\.I.
p.F.x. .@.I...".F. ..q.....(]@.A.hFAv(]....hF.v`... Fa...(\..!Fb...i\.....C..!Fb...i\.....C..d!..HC....{H.x........@.@.
.(..hF.~wH.0.quI...ahF@~Hv.". ..../....'rH.h.(..pH.h.h.(..mI.h.h.G.F9F. .......... Fa...(\A.hF.w.... Fa...(\..!Fb...i\.
....C..!Fb...i\.....C..d!..HC....j.0..... Fa...(\A.hF.u..KH.x..3....". ........ Fa...(\..?../..x...} ..xCAI.`.F.h}!..@.
=I.`.".F. ....f. Fa.../\.!hF.wAw  8@ (... iF.w. 8@.(... iFHw8...iF.w..*H.x..K.@..(..hF..'H 0.qhFA.%H 0AqhF..&I.\!H 0.q.
".F. ....-... Fa...(\iF.v Fa...(\..!Fb...i\.....C..!Fb...i\.....C..d!..HC.....H.x.......". ....^..........B..^....... .
. ... ... $.. ... ... ... .>.....F.#." H.h.$ @.()..H.k.$$. @.(...H.h.$.. @.F...H.k.$$. C.L.c.H.h.$.. @.F.H.k.$$..C.L.c.
 ...B.....B...".H.h@.@..C.L ` F.h.....B... ... .......@.p.@. .@.F... .@...#XC.F........pG.F."..R..F.8...).......CpGp..F
.% h.h@!.@.(..@.!h.`..<..F....8.@.}!...B... p. h.h@!.@.(... ......x......F.F.F.F.,..:F1F(F....X.... ..p..F.F.,..(F....p
.. ..p..F.F.-.. F..........p.p..F.F.-.. F..........p.p..F.F.,..(F....p.. ..p..F.F..-.-.-.,...-...-..B...B... p..F..-.-.
-.-.N..%.@f..[.Ce.^S. ..0..F.+...)... ..D..[E.\SD....B..0......F.F...........(.......%. ..*..$....@.8Z.!.@.@.(..(..#XC.
....#.V..(..#XC.....z...........(....`....,..(F.0....@......B... .....F.F.F. ...,....5F..i.`Z.!......@.....h....B......
.F. .J.B..d ...J.B..} .....HpG....6..?\..'.....F. .x.+..Sx[.KpKx.....pKx....Kp.x.....x$.#C...y.p.x[.[..p.x.....p. ..A`p
G...F.F.&.C.$<../2..!aCI.Hh..?..!aCI..h.B...!. `C@..`. `C@..h.(!..!aCI.Hh..(..!aCI..h...B...!aCI.Hh.....!aCI..h....0F.F
...&.!. `C@..``......B..0F...F.B...B... pG. ..p..F.F.,..(F....p.. .......F.F. .!aV.&.W..fh.`fx..!..)...&.`..fh@.... ...
 fh`...&y.........)..N.q..)..&x.....N6..'>C.O>.)p...p..P.. p..F.% .0!.....)..&. .......I.I.A....%.. ..!.....)...%.. ...
........A....%.. ...I.......A....%...%(Fp.p....FP iF.u y.(....p..%.&'. h@]....i."hQ\...C......"hQ\...C..d!..HC.....(...
...hF.r....v.....hF........p....-...........F.x. hC I@.@z.!HC.I.Z.'.!. hC.J..@z."PC.J...` x.(..`h.....F.B..0F..8F.F.hpC
.hA.. hC.J..@z."PC.J...`..`x.(...hpC.hA.. hC.J..@z."PC.J...`..X.. ... ...F y.(...(.....".H!h.......".H!h....... ..... .
...P.. R.. ...F. ...'.&%y.-... ..!h.z.....".!.....(...'."!h.V...".!.....(...' h.z....."!h.V...B...'.-.. h.z.....(...'."
!h.V...".!.....(...' h.h. hC.J.X.B...&....!h.hiF.....(...&./....... .../... ....... ... hC.I@.!hKh.h.hC`.`.`hF.x. hC.J.
.Ar.H...!.@.C.I... ..X.. P.. >..F,x.,... >.. ....... `C.I@.iF....."!F.H..6...X.. P.. 8..F.%. ..iF`h..s..(... .@ x.!HC.I
.X.(... .@.-.. x."PC.J..ahA`(F8...X.. ...F x....3...dd.d...$'*.258<FILORUX[\]`ad. ``R.. ``O.. ``L..  V&I.\``F..  V$I.\`
`@.. ``=."H``:.} ..``6.} ..``2..H``/..H``,.. ..``(.}!..HB..W.}!..@.``... ``...H``... ``...H``...H``... ``...H``....... 
``....0 ``..........$?..,?..........p......3P.. R.. X.. .....F.,...,2.)..J.......H.......J.2.hPh.h.......H.....0...J.2.
hPh.h.......H.....0... .I...".H..~....H...I...C.I............<?..X.. R.. P.. .....F.F.$. ...%..P.1hH............(..I...
(....$hF.....}.(..hF...(... .@5.hF.}.(..hF.}.(..hF.}.(... .@&.. ".iF.}.)...!AC2JQX.)...!.@jF...C.......!.@jF...@.)...!A
C(JQX.)...!.@A....(..0y.B....!H.!....iF.".V.#... .....(... .@jF. .V.".!.....(..iF. .V.(... .u... .@.,..hF.}.(... iF.u.H
.!..hF...I..hF@}8phF.}...phF.}...p...p F....X.. P.. >..F.$(h.h.(..(y..hF..H..(!.. .@..(h..(yiF.r.......(...(...(...(...
.... .@... .@... .@... .@.... F>......F.F.F.'. .............".!(H.....(..%H...!.C#I..`h..i.!h.B...z.".I...........J....
..!z`z.K.J.....F.....x@.....`h..J.!h...../..y.. .......\0p. (`. .......x.(....(`. ...H...!.C.I... (`......P.. ... X.. .
....F.%eW. ........`h..@I.h.G.(... .....z.(...!aV(F..H.E. x.!HC7I.X.. x.!HC4I@.@h.(.. x.!HC0I@.@h..(F..I...(F......+H@]
@...'HAi...G.-...&.z.!......... ......... !I....}!....HC.F.H.#.I.j0F.G...&.z.!."................... .....H.#.j0F.....G`
z.(...H@].....H@].....0...H.n0F.Gi....p. ....|=..X.. .?...E..P...,?..$?..p..F.%.J`h.j.G.(... .@.  V.".!..n..(... .@.  V
.".!..d..(... .@(Fp...|=.....F"x.#ZC.K..Rz.#ZC.K..ah......X.. ... p..F.  V.I.V x.!HC.I.X...H)FCl0F.Gp.4?..X.. |=.......
F.F.  V,I.\@....  V*I.V...  V..E..."x.#ZC&K.X&JQi.G`x.(...%#H.!......... ."........}!....HC...HGj.J(F.....G...%.H.!....
..... .".............HGj."(F.....G!y.H.n(F.G!y.H.j(F.G...`.x0p. .....?..4?..X.. |=.......a...F. .CpGp..F.F.-$....-...-.
..-2....-'..--.&..  V.".!.....(... p.. ...  V.".!.....(... ... .....  V.".!.....(... ... ... .. x0(... ..... ..... ..p.
.F.F.-.. F..T...p.......p..F.F.-.. F..........p..F.)... pG. .....F.F.F.F.,......:F1F(F......... ..p..F.F.,..(F....p.. .
....F.F.F.F.,..:F1F(F....... ..p..F.F.F.,..1F(F....p.. ..p..F.F.,..(F....p.. ..p..F.F.-.. F......p.......p..F.F.-.. F..
........p....F.F.F.F.,..:F1F(F....... ..p..F.F.,..(F..$.p.. ..p..F.F.F.,..1F(F....p.. ...!4J.p.!3J.`.!3J.`3J.`3J.p.!2J.
p2J.p.!2J.p2J.p.!1J...!1J.p1J.p.!0J.p0I.x0J.p.IIxQp-IIhQ`+I.h.`*I.h.`(I.i.a'IIiQa%II~Qv$I.~.v.F"J.j.i.b.a.I 1.y.I 1.q.I
 1Jy.I 1Jq.I 1.y.I 1.q.!.J.p.J.p.J.p.I.h...!Ab.j.(...!.J.ppG..... ... ... ... ... ... ... ... ... ... ... ... ... L.. $
.. ... ... ... ... ... ... .....F. ....... .......C. .....C=F..(......J.FSCJC.2.......!. ....; .....!.@.F@79F; ..t...; 
.... !.@ (...H..1.; .....!.@.F@79F; ..^...; .... !.@ (..1F. ..R. F.......=.....3p..F.F.,...H.k(F.G...H.k. .Gp...|=....%
FCARM FILE CONVERTER V2.57                                                            03/06/2019  12:14:09  PAGE 7


H.h..#H.h.!.@.(... !I.p<..H.h@!.@.(... .I.p2..H.x.(...H... .I.p(..H.... C.I.`.F.h...I.`.h.(...F..AB.J.B...H.h@..(...H.h
@..I.`.".!.H..e....".!.H.._....8.@L.. @.. D.. H.. 0u..<.. ...P.....F.F.F.'..L..F...(?.3.h..(0..-....@....B). h@h.!.C!hH
` h.h@!.C!h.`.!I..j.B.... h.h.C!h.` h.h.!I..C!h.`...!Q .U...!P .U... .... h.h0@.B... ... .(..=.2.h..(/..-.........B(. h
@h.!.C!hH` h.h@!.C!h.`.!I..j.B.... h.h.C!h.` h.h.!I..C!h.`...!Q .U...!P .U... .. h.h0@.B... ... .(... ..pG.......!hF...
.. ... ... ..jF.!. .......".!. ......jF.!.H.....".!.H....jF.!.H.....".!.H...........P.....!hF..... ... ... ..jF.!. ....
...".!. ......jF.!.H.....".!.H....jF.!.H..w..".!.H...........P.F. pG.F. pG.H.ypG..... .....!.F.F...(...(o.o..I.i..]....
.....X.....0 .....!.C.(... .I... .F....' .....!.CA..H........(......H.....(... .F... .K.F..........{..F......v.........
..p.....vH.0.~.(... .!..... .F.F"F.F......\.."oK..................j.."jK.................F.F...!.F.F_H.l.(...(...(.....
$^M...$^M...$]M....VI<1.z.!.@.F.....F.F.... F)F..7...... MI....../.....II<1......."MK........................?I<1I{....
......;IJl<1.{.)...!...!Q...............3IIl..R..20I<1.|..R..I<1.|.)...!...!P...................................t......
".F................. .F.F.F..... .I..................V......................".K......F..J.K..............*..F.F....0F9F
..b........ ...?.. @.@.@...@...A...A...@+......?p..F.H.`.I.H..=..I.H..9..I.H..5.."... ....3.......... .....H.....$..a.a
..JP\..z.b....K...xb.....Px..].`....,... ..h.. .I.q. p...... ....... ... ... ... .=..... .....!hF.....H... ..jF.!.H....
jF.!.H....jF.!.H....jF.!I..H.................P...P.....!hF.....H... ... ..jF.!.H....jF.!.H....jF.!.H..}.jF.!I..H..w.. .
.. ..jF.!... ....l............P...P...F.".!.H#h..z..".!.Hch..t..".!.H.h..n..".!I..H.h..g......P...P...F.F.F.'0F.... F..
... ..... ....0F..*..F..o..B... ... ....... ...H.y.(...(~.|..H@y.(...(x....H.0.~.(D.? ......iF.x.!.@.(:..!> .....!? ..~
..H..%..H.0.~.(...H..... .I.q... ....@!.C.F!F. ..e..H.....H.h.(...H.h.i.(...I.h.i.G.!.H$0.r.0Ap,8....)..H...(...H...(*.
.H.....(...!.H60......2 ..{..F.H...J,2.z.{.....J...K.......H.......H.............H.....J,2.z.{.....J...K....|..H.......
H.......H...H.....H.0.~.(...I.q.H....... ..7.@!.C.F!F. ....yH..U.yH.h.(..wH.h.h.(..qH,0.".V,8..qH.h.#.hpH.G.!kH$0.r.0Ap
,8.......%@!. ..... ......iF.x !.@ (... ....]H<0.}.(..[I.q[H..V.[H.h.(..YH.h.i.(..WI.h.i.G|.. ....A.OHD0.u.F. .V.!.@.(.
.JHD0.}.C@.....mB..FHD0.}... .....F.-..AH.hEI.B.. F.8!.@.@...;HX0A... F.8!.@.@...6HX0A...4H.h8I.B.. F.8!.@.../HX0A... F
.8!.@...+HX0A.. .....F'HX0.q.y)H....$H<0.}.(..!I.q!H...."H.h.(.. H.h.h.(...HD0.#.V.0.".^.y.H.h.h.H.G......"..H.....H@y.
(...(...!. ......... .I.q.H.h.(...H.h.h.(...I.h.h.G............... ... ... ... ... @.J.... ..ZH.y.(...(t.l.VH@y.(...(c.
J.SH...(..QH...(..OH.....(...!LH60..;...2 .....FGH..FH......DH,0.{.B..BJ,2.{,:..@K....".=H..,0.{....:H....9J,2.z.{....6
J..6K......3H......1H....../H..../H..9..!. ..... )I.q+H.h.(..)H.h.h.(..'I.h.h.G......>. H@y.(...(4.2.5..H.......H,0.{.B
...J,2.{,:...K.......H..,0.{.....H.....J,2.z.{.....J...K....p..H.......H.......H..................... ... ... ... p..$J
H.y.(...(}.a.GH@y.(...(X.:..!CH$0.r.z.(2.@H,0@x.(-.>H.....!;H,0Ap. ..N.@.@BA.7H,0.p. ..E.... ..A..C,F.. .....1J.FSCJC.2
....+J.c... ....A.(H,0.r..&H<0.|.(...!. ....$H.h.(.."H.h@i.(... .........H.hAi(F.G......*..H@y.(...( ......H<0.|.(...!.
 .....H.h.(...H.h@i.(....... .........H.hAi(F.G............p.... ... .=..... ...H@y.(...(....-.. .........(...!. ..z..H
.h.(...H.h.i.(...H.h.i. .G...!. ..g..H.h.(...H.h.i.(...H.h.i. .G............. ... .H@y.(...(.....H$0.z.(...!.H$0.r.....
...pG..... ..+H.y.(...(M.;.'H@y.()..!%H$0.r.0Ap,8.....!> .....!? .....H.0.~.(... ..Y.@!.C.F!F. .....H..w.... .I.q.H....
.H.h.(...H.h.h.(...I.h.h.G... .I.q.H.h.(...H.h@h.(...I.hHh.G........... ... ... p..%. .....!. ..... .. ..$... ...., ...
......@.C`... ,....~.(Fp.8..F."iF F....hF.x8....F.F.F.".!... ....^.h.@......$... ....0U`....B..."... ....J...p..F.F*F!F
. ....p...p..F.%.,...,..... ....@.EB...H.h.I.B... .....F.=... .....F.=...%.C....(Fp...... @.J......!hF..... ... ... ..j
F.!.H.....".!.H..... ..-.. ..jF.!.H..... ..#..........Ps..F.%HH@y.(...(<.<..!DH..hF.yBH.......(...!....C...hF.y2 ....hF
.y.(..hF.y@(..hF.y5H,0.s..hF.y!F2H.... !/H,0.s.H,0.{ F....+H..,0.{....(H...jG.&H<0@}.(..3 ..+..!.@.F1F3 .....!; ......3
 .....!.@F.1F3 .....!; ....hF.y.HX0.qhF.y" .....!. .....!. ..... .....!.C.(....... ....hF.y F.....HEm....(F....|.... ..
. p..F. .....F.,...,...,...,..... (@.(...".!.H.......".!.H..(.. .I.p......... .I.p.".!. ..........p......P... ...F.H.x.
B...H.p.,...H....."... ....... ..:...0........I.H.....!.H.....H........... x.. u~.....F.H.`...I(F.....F.HpC/.9..J...I..
..1.D... .... .... .... ....... ........... .=......p..F.F F.....,...,.....H...(..)F2 ......)F# ........p...... p..F.H@
y.B..p..HDq@y.(...(..... ..... ....E.m.)F. .....!@ ....0!A ....... ..... ....@.@..F.5)F. .....!@ .....!A ..............
. p..F.,... ..A.... ..=. F..... .....!.@ C.F)F. ....p.p..F.%.&. .....FM .....F+I.h....i.I..C.F(F.!.@.Fp5. (@.(,..,..0F.
!.@....0F.!.@..p.@..(...,...$.,...$(F.!.@a......C.F...,...$.,...$(F.!.@.......C.F... .C.B...F.,...$(F.!.@a......C.F)F. 
..6.1FM ..2.p...... .....F.%.H@y.(...(3.3..H.0.~@ ..c......!.@.!.C.F1F@ ....A ..U......!.@.F.61FA ....5 ..H......H,0.s.
!. .....!.H$0.r.0Ap,8.......H<0@}.(..3 ..-..!.@.FA61F3 .....!; ......3 .....!.@F.1F3 .....!; .....H.l.(i.1 ....F.v.1F1 
.....!0 .....H.l....s.....'2=HMRW.H!/ ....yI.hyJ....n.E.D!/ ....tI.huJ....c.:.D!/ ....nI.hpJ....X./.D!/ ....iI.hlJ....M
.$.D!/ ....cI.hgJ....B...D!/ ..u.^I.hcJ....7...@!/ ..j...@!/ ..e...@!/ ..`.....1 .....!.C.F1F1 ..T.MH<0.}.|.(...!. ..J.
@ .........!.@.F1F@ ..>....!. ..9.@ ..|.....1F@ ..0..!. ..,..!. ..(......!.1<H..... 3I.q.,..!F9H..q.7H.....H@y.(M.. ..`
..-Q.)I.i........' ..I..!.C....t..F."*K.........I....}.............."#K........."!K......o..............".K......c.....
..y............F...H.. ..H..2....-... ....... ........... .....(...=..^Q...z......... ... ...?..$@.. @.@.@... .....F.F.
............(...(m.m..HEa.a...a...w...w.0...v..Av...v.8.. F.....F.F..... .I..f.......(...!.. ..g.... ..c.(F..2..F... ..
[.....*..F... ..S.0...% ..N...& ..J../..2 ....D....!2 ..?.0 .....!.@@.@../...!...!.C.....C.F..0 ..*.1 ..m.@!.C.F..1 .. 
....-........jH.dDd<0..As...t..At...t...t...u..Au...u.,...$...,...$.-...,...,...-...,...!WH<0.s...!UH<0.s. ../......!.@
)..C..I..C8C...F... ..... .........!.@!..C.....C.....".C.C...F... ....& .....!.@<I<1.{...C...F..& ......... ....0...  .
.....! ...../.." ......,H<0.|.(..D ....@.@..0.F..D ....$H<0.}$ .....-.. H.h!I.B...!6 ..}.d!: ..y....-...!6 ..r..!: ..n.
...!6 ..i..,..1 .....!.@@..F..1 ..\..!7 ..X...1 .....!.@...F..1 ..L..!7 ..H............ ..~A@.J....H.....H..... ..... .
I.q..... ... ... ...H.....H..... ..r.. .I.q..... ... ... ...F. ..#.!F9 ......p..F!F/H.._..H@y.(...(I.!.@ ..B......!.@.F
.5)F@ ....A ..5......!.@.F)FA ....5 ..)......H,0.s&..H<0.|.(...!. ....@ .........!.@.F@5)F@ .......!. ....@ .........F@
5)F@ ......... .I.q.H..... ....p...... ... .....F.F...................(...(j.j..I...s.F.aEa.a.......w.0...v..Av.8...b8F
.....".K......n.......0...9.. ..o.... ..k. F.....F.F..... wI..V...........!.. ..W.... ..S.0...% ..N...& ..J.0 .....!.@@
.@....)...!...!.C.....C.F..0 ..4.1 ..w.@!.C.F..1 ..*...XH$0...v.-........SH.dDd<0..As.....t...t...u...t..Au<8..Ae.,...$
...,...$.-...,...,...-...,...!@H<0.s...!>H<0.s<H<0.|.(..D ..0.@.@..0.F..D ....4H<0.}$ ..... .........!.@)..C..I..C...C.
..F... ..... .........!.@!..C.....C...F... ....& .....!.@.I<1.{...C...F..& ....0...  ......! .....,..1 .....!.@@..F..1 
.....!7 ......1 .....!.@...F..1 .....!7 ..|............ ..N@..~A.....F F.....F.".K.............F....'.. .....".........
...K ...#.F...F......1 .....!.@.F)F1 ..B..!@ ..>..!A ..:.9F.H..... .I.q.H..... ...........@.@... ... ...H@y.(...(......
FCARM FILE CONVERTER V2.57                                                            03/06/2019  12:14:09  PAGE 8


.!. ....@ ..Z..!.@.F!F@ ..... .I.q. ..Y.............. ...F.".. F.........F.F.F.".!... .......!)C.F..4..$..0]../.`....B.
.."... ........p..F.F*F!F. ....p...... ..$H.x.(... .... H.x.(...I.`.H.h...HAxhF.r.H.xhF.r.H.xhFAr.H.h.....H@x.IHp.F@xiF
.r...JiF.H.x.....(.....(...H.x.......H.h.!.C.I.`.H.......H..... ....... ... $.. ... ... ... L.. ... ... ... ... .....F.
F.F.'.!..hF.z......hF.z.!.C..hF.z !.C..hF.z@!.C..hF.z.!.C.I.x...".@.C..+F"F........z..F./..8F..... .IHq.q.H.h.`..a..F8F
..... ... ... ....#I.yiF..I..(... iF.q.!.......H.h.z...s*..H.x.(...!hF.q.HAyhF.r.H.h...y.....H.h.z...s...!hF.q.HAyhF.r.
H.h...y.....!.s.H.h.z...s....L..(....... ..`.. l.. h.. >..F.!..hF.q%HAxhFAq#H.xhF.q!H 0.yhF.q H..hF...KjF...H.x..].. .I
Hp.IHp.H@x.phF.!AV.H.p.H.h.I.`.H.h.IH`}!...H.....H.....H.x.(...H.x@..I.p.H.x.H.k.H.G.H.h.!.C.I.`. >.$.. ... ... ...  ..
 ... t.. ... ... |=..... ... ...F.H.p.H.i. .G.H.x.(...H.m4 .G...H.m. .G..... |=.....F.H.xhF.p.HAxhFAp.H.xhF.p.H 0.yhF.p
..iF.H.x....}!...H.....H.....H.h.!.C.I.`. ....... $.. ... t.. ... 0..F.!.L#h..I.[..).....B.....$.@.,.... $.%.@.-.....%,
C.....-.....% F(C0. .. ....M........!......8!hF..... ... ... ... ... ...!..........hF..K..(.......H.k.!...C.I.c.H.h.!..
.C.!..@..I.`...H@h.!.@...(... ... ... .......!.......(....t........@.p.@.H.h.!.1.C.I.`.F.h.I.@.I.`.F.h.I.@.I.`.F.h@.@..
`.F.h.!...C.I.`.F.h.!...C.I.`. .a...I.`pG...@.@...........F.H.h...B... pG.i.)... ....X.. .......F F......p..F.....F F..
...F......p..".`B`.r.`.apGp..F.H.h.-... (r%a.H.`.h..z.p...X.. ...K.h.h.i...h.h.B...F.i...a.a...i.+...a.a......X.. .....
..F..L.......(H.h.(..&H.h..%i(h.B..(h..(`... (`$i i.(...H.h.(...H.h.h.i.I.`...h.(.......h.G.....H.h.h.i.I.`...h.(......
.h.G...H.h.(....q..I.h.h.B...H.h.(...H.h.z.(...H.h......X.. p..F..P..F.  r..S.@.!h.B....M.@. ` h..|.p....F.F.'0F.....F 
F..F...2..F.B..=F%`e`....p..F.%.......Fr..,.. F.....(..0F....p.`h `.  r.H.h.(...... F...........F h@. `.I h.h.h.B.. F..
.... F..,.0F..........X.. ...F.......Fr.)H.h.h.h.(...-..8F......#H.h.B,.!H.h.z.(...H.h.i.(... .I.h.r.H.h.i.I.`.F.h..l.%
...C.. .I.`...H.h.i.(...H.h.i.I.`... .I.`.....B.. i.(..$i4a...$4a..&F$i.,....8F..s.....X.. .......)...hIh."R..C.j.C.hQ`
."Aj.@.)...hIh...C.j.C.hQ`."Aj.@.)...hIh...C.k.C.hQ`."Aj.@.)...hIh...CBk.C.hQ`."Aj.@.)...h.h...C.k.C.h.` "Aj.@.)...h.h.
..C.k.C.h.`@"Aj.@.)...hIh...C.l.C.hQ`."...l.B...hIh."R..CBl.C.hQ`."Aj.@.)...hIh...C.l.C.hQ`pG8..F.%. .f.....F h.h.!.@.(
...H+F.".... F.....(... 8. h.h.!.@.(...H+F.".... F.....(... .. !i .Uj .U...!h .U... ......p..F.j.!Z .SR .S F....p..h.h.
"!2.C.h.`.h.hI.I..h.` "j!.TpG...F h.h@!.C!h.` !i .U F..... .....F\ .[j .]"(7. h@j...!...h.B.. i.(..fm(F8@0.`m..`e....(@
bmQ.ae.pZ .[@...Z .S.).. h.h.!!1.C!h.` h.h@.@.!h.` !j .U F..G.. ... .. h.i.!.C!h.a. .........F.%.&. .......I h.B... ...
 .(......!i.h.Cai.C.i.C.F h.h.I.@(C!h.` h@h.!...C.h.C!hH`.i.I h.B... ... .(.. j.C h.h.!...C(C!h.`...I h.B...H.h.....(..
.(...(...(.....&...&...&...&...&..F..I h.B...H.h.!.@.(...(...(...(.....&...&...&...&...&..*..I h.B...&$..I h.B...&...I 
h.B...H.h.!...@.(...!..@...@...@......&...&...&...&...&....... .....F.I h.B... ... .(V..%..............................
.F...H@8.h.!.@...(...M...M.......F...%....... .......-..`hA.@..B..`h...B... ....`h..(F.!.1....bhR..#..YA...........F. .
..B..wH.B.. h.`... .....!...i.Bi...=.............M.....@...H.H.z.ch[...ah........A.....@.ahI.@...ah..}.....4.WH@8.h.!.@
...(..ahJ.YK....l.......ahJ.VK....c...........@.ahI.@...ah..V.......ahJ..#......L.......... ......EI...@......@....C...
.!h.`a...B.............S.....E...N.N...'.ahI.@...ah......!h.`D...,.ahI.@...ah......!h.`7.!H@8.h.!.@...(..ahJ. K........
!h.`..ahJ..K........!h.`......ahI.@...ah......!h.`..ahJ..#..........!h.`..... ...............H.@.i...8.@@..@.D.@.L.@.P.
@..=..$........z..H.......Fi @\!(1.R @Z.(...h.h.#.C.h.`.h.h@#.C.h.`. pG.#...h.B...i.(...l.......h.b.l...d...lX..d.x.h.b
R @Z@...R CR. ... .......F.F.F..$.p..(!...........@..B.. h.h.!.1.C!h.` h.h@.@.!h.` !i .Uj .U...!h .U... .... h.i(@.B...
 ... .B... ..... ..K..F.,.. F..... ..P...... ..=..F.,.. F..... ..B........F.F.F. ...'hFEq.!.q.H.x.(... iF.q...H.x..]...
.........B.../... ... ..... ... p..F.F H.j F.G.(..p..H.B...H.B... (p...H.B...H.B... (p%..H.B...H.B... (p...H.B...H.B...
 (p...H.B...H.B... (p...H.B...H.B... (p... ... ..|=...Up3@..3...3...3`O.3...3...3P..3...3.%.3.....F. ...)..I......KjF!F
.........!.p.......G.............K.........F... .... F.......G....7..F.F.KjF!F.....FiF. ..n. F>....... !.....!.F.....F.
9.....F.......F..B.....pG..pG...........FXC.!&F^C7.6...yA.FnC7.6...yA&FnC...............FXC.!&F^C7.6...yA.FnC7.6...yA&F
nC....0.tFd.%xd..B..c][...0..G.F....I....C..... J....".C.JI..B...!.C.(... pG.....HpGt.. ...FO....8!..F.F.hIh:F.#.C..*F3
F....:F...:...h..[h.....";F.C.../#../...//.*F3F.....j.j....*F3F..w.cj"j....*F3F..o..i.i....*F3F..g.ci"i....*F3F.._..h.h
....*F3F..W.ch"h......."...F.F.I.........?........."...F.F.F.........!.J. ....@........J... ....7..................*..p
GpG. .......*..pG....pG.I.`pG..t.. .............!.C..QHQJ..PC.....(....(.@..&MOMI.......(..DB.....$I..(.....C.....`.`.`
A`....@B...F!.. ?J..QA..........2F;F............2F;F.F.F.....F.Fd..,.......(...................................F.F."(K.
...... .C.F..."%K F1F.........$...,...".#......02.Ud..F.C..."d..........+...#.C.....C... ... ..w.....m......B...#m....B
...#m..+.......`.`0.~......M.....@...?0......C...?.....F.%..%(w..$'F.I.....Cv.2x.  :.@.B..0x*(..."0x.F09.).....#YC09@..
Cv..............)... @..CHB... .Cv.0x.(... .Cpxv.*(....v........!OC0?..v.0x.F09.)..0xl(....L(..h(..j(....t(..z(..... @.
.C...!.....!...Cqx.B... ..$.v.v.0x..f(....X(}....({.E(..F(..G(......c(5.d(p.e(....p(l...g(..i({.n(..o(....s(..u(q.x(Y..
....Gm.~.`.@..(...(...(...h...`....p......h.`J`.....h.....p....jF.x.r..... Pr..... ......... ...Ca....!....I....B...B..
..Q\.).....!....I....B.......\.)........G.!F8F........@.E...O.,...N......xI........G..@...@...!F8F......7.. .!....`.A..
)...........F.).................F.......F.)..@....F."aF.E...F.!@B.A.F-!..!...+!jF.s.!...... !....U.. ... ... ...!. .C..
.'... .!....`.A..).........".F.).................F.....).....!..!.)...p).....!..J@.C....@!jF.s.!..aF.C..0!jF.s..Qs.!...
..!..J@.C..aF.C..a...0!jF.s.!......X)..5.........7...aF......'....F.\..R....paF.C........ 0..`.... ...C...'...B..8.... 
....A.......@.......!F..........E..'.......]...Gm......B......!F..........E.....0 ...Gm...H....).........xI........Gm..
.H....)..c..(..0123456789abcdef....0123456789ABCDEF......Z.E.v.0x.(....(F....`....'........Hh.h.1..............!.......
..........C...[...e(....E(..F(..G(A.A.f(..g(<.<..!./... ..x..................!............P.. ..... ...................
".............)...F..y.@...8.......@B@...x.......C../...'.!./... ..8F...................!........!......B.........)....
I.Q\0)...B.......!......I....(....A...........A..B......@.@.... .... ........B... .C... iF.w...!...7...B$.. ..+ .....(.
.@B..- .....!......01....9p..H....).....(..y....p0x !.@E0..8p...........x.(... ..A.............@.@.......!F........_.E.
...x.(.......Gm...$.!F........N.E......(.......B....@\......0 ...G..m.@.....@....(..... ...Gm...H....)....8x.......Gm..
.H....)..!F..........-...+... ..........F.%.F.F......9F  .Gm.d...(F.....F.%...F....0'.. '......8F...Gm.d...(F....Jh.*..
.hS..`.pHh@.H`pG.hS..`.ppGp..F.F)F F....p......F.F.F. .].(.."F1FhF.....%..hF....(...hF....h.... .].B..hF..q.(...iF8F...
.... ..... .........F.F........ ............!. .U. ......2F F....;.0F.0..........@.... .U5F. ..].(. \.... \.... \..h. \
..1F(F.....)....'I...\..H@..$I...\.....\...F.]....@........".2QCH@..........1F(F..z..)...I...\.....\.....\.....\.......
]..H@`Ux. \..H@i.`T.. \..H@..`T.. \..H@..`T(......B... ..`?....J.+KR...+J.F.F..+.....(K..%..".F..3.@..,...$...%:. F(C7.
!L..!O.F.@;@+C1..K.....".F....'..,... ...@...C.%..3...3F.'.;.C.@8B...K.....".F.......,......4 ... .@@..B..d..F.C!F(F..d
FCARM FILE CONVERTER V2.57                                                            03/06/2019  12:14:09  PAGE 9


........u..<.7~...?.......x.xc@.pKxTxc@Cp.x.xc@.p.x.xc@.p.y.yc@.qKyTyc@Cq.y.yc@.q.y.yc@.q.z.zc@.rKzTzc@Cr.z.zc@.r.z.zc@
.r.{.{c@.sK{T{c@Cs.{.{c@.s.{.{c@.s...x.pJxBp.x.p.x.p.y.qJyBq.y.q.y.q.z.rJzBr.z.r.z.r.{.sJ{Bs.{.s.{.spG.....x.pI.@..FT..
..+........J.+KR...+J.F.F..+.....(K..Q..".F.._.@..,...$%F;.`.@.(C7.!L..!O.F.@;@+C1..K..8..".F..F.'..,... ...@...C.%..3.
..3F.'.;.C.@8B...K.....".F..,....,......4 ... .@@..B..d..F.C!F(F..d........u..<.7~.............F.!.......#...!. .....(.
.. ....hF@z..hF.z.C!.hF.z..hF.z.C..`.hF@{..hF.{.C....hF.{..hF.{.C..hF@|..hF.|.C.. .hF.|..hF.|.C..`.hF@}..hF.}.C....hF.}
..hF.}.C....hF@~..hF.~.C.. .hF.~..hF.~.C..`.hF@...hF...C....hF....hF...C......@x v.#...!. .....(... ..hF@z..hF.z.C..`.h
F.z whF.z@...hF.{..-.0F(C..hF@{@.....hF.{....8C .hF.{A." .U. j......F.#...!. .....(... ....iF.~..I~.C..K!..hjG.........
..  (^xC........Q.."......I.....""QWyC.F..........).yC.F..I......"......QC.F........."R......!i^..QC."R...............p
C.F F..R.......[.....ZC.F..R.R.......)~..QC.F........f...... ..0F.F. ...B....0F.F0F........... .....B.........`. z.....
.F...!. ..p..(..... ..p.. .....".K.F.!..........hF....:........F.................F.....".K......E.......o. .. ..Read hu
midity failed!.....0@.@.@..... ...#...!. .....(... Q...........@....C.......C...H...H..P.Aj..}#..."...A........6.5.4. F
"F4.6......"P..^..0.1.2.3..........!P.A^......-.../.,..F.F"F,......#[..").(.*.+..F(...........YA..... P..^...!.#$.&.%.'
..F%...........YA........#.".!. . F"F ."...{.."P..^............q..F.".2.#..E..F.F.!P.A^...............F.F"F....Y..#..."
.........F....N.(.NA.....!. ................XAP....#.........F......3..F.".#.........#..X@..Y@.C~..!.......!.....#...".
...L.K.M.N..FK............ASJ. J.H.I.G..FG......F............."R..#........."P..^..C.D.E.F......F.F."R..#........A.B.?.
@.(F1F?.@......"R..#............."P..^......;...>..F.F;.<......F."...#...................FyA......QA.".2.#(F....../..F.
F. P..^.!....(.NA.....".#......m.d#."8.7.9.:..F7......F.".#..^........B.............B............d!......O..`. {.....-.
....5........F.#...!. ..m..(... ....hF.|..hF@|...CiF.|...F.C.O H....!.I.@....!a^..QC.F..I.......0.!.@.....RC.F....R....
#.^ZC.F..............@.`baj.....F.0.........B..=F.....B....)...... ..`...4!.......F...!. ..0..(..... ..0.. .....".K.F.!
..........hF.......F..c..F......z..".K.........".K.........".K.................. .. ..Read temperature failed!......0@.
.d@..D@..$@.....F...H.j.!.C.I.b.F.j........... ... ... ... ..... ....... .........@...F.F.H..R......(... ...I...JQC.F..
.......H..@..F..qC.F.I....... 8p .(plp"F... ..... .....D`...............Voltage@PA4: %d..F. pG.....F`h.x... .....H.y...
..(..`h.x... ....a.`h..... `p....Msg from module = %d....... LoRa msg from module = %d......F.F.H(..I.B... ...$..9.(...
...F....0F..`......B... .............F.F.H(..I.B... ...$.......H@h!!...C.IH`9](......F....0F....f.`......B... .........
.... .@.F. ."...@.*...".C.J.@.*...".C.J.@.*...".C.J.@.*...".CpG...............F.F.F. ..(..(...!..@...@.....AH.. C@I....
?H.. C>I....=H.. C<I....;...w.. ......CIh..B/...AH(..(...!..@.D....!..@.0...@.<.<...9H.j.!.C7I.b.F.j..........<...2H.j.
!.C0I.b.F.j.!.@......-...*H.j.!.C(I.b.F.j.!.@..........#H.j.!.C!I.b.F.j.!.@.............H.j.!.C.I.b.F.j.!.@............
4`1F(F..*.. ..l.. n.. p.. GPIO :: The declared port cannot be used!......P.......@...F.F.F0F..!..F...I.X.(..!F....... .
.!F.......-.....I.P...H...JPP0F..H...."9F...."........ ....l.. GPIO :: EXTI line %d already used!..GPIO :: Registering 
EXTI line %d........p..F.F.F2F)F F....p.pG..p..H.x....|.,F......`....,..,F......`....,..p...i.. I2C :: Re-Initialize().
.....2H.x@.1I.p.F.x.(... ....-H.....(J.,H*IH`3!)H.`.!.`.!.b(H%I.`..'H.j.!.C%I.b.F.j.!.@....... ..... ... ... ... .....H
..?..H.k.!I..C.I.c.F.j.!I..C.I.b.F.j.!I..C.I.b.".F. ..k.. ..P..H..K....H..B. (... ... ....i.. ... V>...T.@...@...P.....
F.F.F.'. ...#......!F.H.......F./......./....L.. ... ..... w....F.F. ...#..!F...H..1..F..... ..p.2 ..... ...#..!F...H..
_..F..... ..iF.z..Iz.C(.. ..... ...F.F.F ...iF.p xHp.#jF1F(F..&..(... ... .....H.x.(...H.x@..I.p. ...H.x.(...H..... ...
H.x@..I.p. ..i.. ... .....F.F.F.'. ...#......!F.H....i..F./......./....... ... ..... ....7H.x@.6I.p.F.x.(... ....2H..-.
.(T.1H/I.`. ..H`.!,H.`.!.`.!.a}!..Aa.!.a..(H.j.!.C&I.b.F.j.!.@....... ..... ... .........H..$..H.k.!...C.I.c.F.j.!...C.
I.b.F.j.!...C.I.b.H....}#..."...H..l..H.h@h@!.C.I.hH`...H.....(... ... ....j.. 0.. .8.@...@...P...#.".FhF.....(... .I.p
..iF.x.!.C...#.".FhF.....(... .I.p......... ...#.".FhF..]..(... .I.p..iF.x.!.C.....#.".FhF.....(... .I.p...............
 .......#.".!.H......... ...#.".!.H......... ...#8".!.H......... ...#$".!.H..}...... ...#.".!.H..s...... ...#.".FhF....
.(... .I.p..iF.x.!.C...#.".FhF..X..(... .I.p......... ...#.".FhF.....(... .I.p..iF.x.!.C.....#.".FhF..5..(... .I.p.....
.. ...#(".!.H..%...... ...#.".FhF.....(..hF.x.....(... .I.`... .I.`... .I.p....... ... ...#.".FhF.....(..hF.x.....(... 
.I.`... .I.`... .I.p....... ... ..... .#.".!.........(......@!.H....... .I.p....%s..... ... ..... .#."0!......j..(.....
.@!.H..n.... .I.p....%s..... ... ..... 8#."0!......L..(......@!.H..P.... .I.p....%s..... ... ... $#.".!....../..(......
@!.H..3.... .I.p..%s..... ... .....#.".F.......(... 0I.p....hF.y@....(?........$4.."..R....\b.S....#...........*......0
2Jp......72Jp.".@...*...".@..02.p...".@..72.p..-!`.B....".......T`....,... iF.w... .#.".!.........(... .I.p......@!.H..
........... %s..... 8....#.".FhF.....(..hF.x@....(........... .I.p8.#F..@!.H........Unknown.Custom..Board...... %s.....
 ..... (#."0!......n..(......@!.H..r.... .I.p....%s..... ... ...F...I.X.(.....X@j.(.......JQXHj.G....... .F...J.X.(..pG
...J.X.h..... ...F...I.X.(.....X.i.(.......JQX.i.G....... ...F...I.X.(.....X.i.(.......JQX.i.G....... ...F...I.X.(.....
X.i.(.......JQX.i.G....... p..F.F...I.X.(... p....I.P h..B..(... ...JPP. ...  V.h.h..h..  V..L.. ..... p..F.F.F.H.`. .I
H`. .`. .`.F.a(F..... p.... ...F...I.X.(.....X.j.(.......JQX.j.G....... ...F.#.F.!.H.....H.x.(... .I.p. ....h.. p..F.F.
 (p.... p"x... ..... p...%d.....F..H..(.. .. ..... ...#...!. .....(..".. ..... ..hF.y`(..#.. ..... ... ...#jF.!. .....(
... .. !..hF.x. .C..hF.x.!.C...#jF.!. .....(... ... ..I2C Driver initialisation failure!..ChipID Readout failure!.Inval
id ChipID!......F.F.$. .......#...!. ..C..(... .......}`(..[.. ..:.." Fa...*T Fa...*T Fa...*T Fa...*T4p. ... ...#...!. 
.....(... .....|.!.C...#...!. .....(... ..(!....G.....r..'...#...!. .....(... .......|.!.@.(.../........q..............
....!.1....H...!F`...jT2!..  .^..S.P0.. Fa...*T2!....3..... Fa...*T2!....)...!F`...jT4p.......".K......4............".K
......).......  .^.....".K............................... ......... A.Invalid ChipID!...Y@.@.@BME280 ::  Temperature: %
.2f, RH: %.2f, Pressure: %.2f.....F.F.F.F..(!iC.K......!F..'..(..... ..`.. .....F.F..p.0..B... ......H.3F.........(5..$
*......\b...Q......*......02Jp......72Jp.".@...*...".@..02.p...".@..72.p..-!`. ...)T`....B...!`.B.....)T... ... .......
F.F.F.F..(!iC.K......!F.....(..... ..`.. ...F.F.F.F)F`.... .....\A+...\F+.....\0+...\9+.....#..C....B...#.+... ..`...)F
(F..9...(!qC.K......)F.....(..... ....`.. p..F.$.+..p..%.`.x--...$I.]...."...&.huC.`.\0>.h...`R..B...\.-...,...hmB.`...
....F. .$.*..... ...\A....\5.-....\..5.-.F..]A...F..]7.?...F..]..7.?...>C.U....f...V..B...B...\A....\5.-....\..5.-...6.
.U........8.. ....@.. .....">I. .....(... ...";I.F.....(... ..."7I. .....(... ..1H.h3I.B...F.I.`.H.h.!.1.B...F+I.`+H.x.
(... (I.p%H)..h. ....#H0..h. ....!H.x.(...(...(...(....1.. ......5.. ......;.. ......?.. ........... ....B.. ..... ..--
- Core configuration load START ---.......... ... ... ....KETCube Core base period set to: %d ms..KETCube Start delay s
et to: %d ms...KETCube core severity: NONE.KETCube core severity: ERROR....KETCube core severity: INFO.KETCube core sev
FCARM FILE CONVERTER V2.57                                                            03/06/2019  12:14:09  PAGE 10


erity: DEBUG....--- Core configuration load END ---.0....F.....(... ..0...HH.j.!.CFI.b.F.j.!.@....... ... ... ......>H.
....".!<H..... .....$.......!T ..S..(....`....,.....,..1.. ..... ... .C....2.. .."....!T ..6..(... ......+.. .......!T 
..'..(..'H....&.. .......!T .....(.."H....!.. .......!T .....(...H....... .......!T .....(... ......... .......!T .....
(... k....@...PInitialization failed!..E1..E2......E3......E5...B..E6..E8..|..F.F...!T .....(..... ..... |.jF.!T .....(
..... ..t.. ..iF.......C..$. .(p ...hp ....p.p. 0p"F... ..... ..E0..E1..RawCapacity: %d.8..F.....(..... ..T.. 8.hF@x.!.
C.FhFAp@x....hFAp@x.!.CiFHpjF.!. ..d..(..... ..6.. ... ..I2C initialization failed!..HDC1080 initialization failed.....
...F.F.%.!...&.........(.............(..hF...I@......N0...(Fi..."T(Fi...&ThF....)Fj...`ThF....(Fi..."T=p.!hF....8..I..p
..!..2....F... ....U.. .....'......Temperature: %d ..C, RH: %d......F..1..(...$........!F. ......~.. ..... ..... ... ..
... ...L.%..2F)F F.......".!. ..... ..... ..I2S bus initialisation failed!.....Pp..F.F.&.H.h.H....1Fv.`T.p.H.h... .....
 .I.`p...<.. .. .Noise counter: %5d..8..F.....(..3.. ..U.. 8..#jF.!: .....(..6.. ..G.. ..hF.xA(..A#hF.x;.. ..:.. ... ..
.#jF !: ..}..(... ... ...#jF2!: ..q..(... ...#jF3!: ..g..(... ...#jF4!: ..]..(... ... ...#jF0!: ..Q..(... ... ...#jF"!:
 ..E..(... ... ....Initialisation failure! - I2C Driver....Initialisation failure! - WhoAmI Readout....Invalid Who Am I
! Got %X expected %X.........F.F. .....#..(!: ..o.iF, .^..r..F."OK......................iF* .^.._..F."FK...............
.......iF( .^..L.."=K.........F..............................3.. ........iF, .^7I.B...  p5.. ....L.iF, .^0IIB.B...  p1.
. ....>.iF* .^)I.B...  p/.. ....1.iF* .^#IIB.B...  p,.. ....#.iF( .^.I.B...  p).. ......iF( .^.IIB.B...  p&.. .......  
p'.. ........... 8p. .........@X = %6.4f; Y = %6.4f; Z = %6.4f..*..Facing: Up..Facing: Down....Facing: Left....Facing: 
Right...Facing: Back....Facing: Front...Facing: Unknown.p..F.F. .I.p.H.` x.I.p..... p...... ... ... ...F.H.IH`. Ih.p.IH
p. .p.F.I.`. H`.F `.....(... ...I.H.....I....... ....... ... ... ... ... ...DVERSION: %X........".!.H...........Pp..F.H
@x.(..p..$..)h.]a.a.*K..*.....`...(y.B..`.A.@.2(...!`. .@. J.T".. ..Y..$..(h.].HBh`..T..(y.B..`.@(..`...hy.(... .IIh.p.
.hy.(..@,... .IIh.U`......!.HBh`..T. .IIh.p..hy.(..)y(h..x..ILp....... ... %02X-...Rx DATA=%s..p..F.F. .I.p.H.` x.I.p..
... p...... ... ... ....!......(... ... ....p..F.F.H.x`q. (p.I.x.I h.h.....H.x q... .....I.H.....!.H..c..".!.H..w..H..p
.p...... ... ... Transmitting sensor data .............. ...P.)..pG.x.*...*..................8.. >I.p.$,.( `C<I@. 0.y..
...( .( `C@.@i.(..( `C.X5.. .....!..9I/K.x..(!aC.K..JiiF.G*H.xhF.x..(I.p`....,...$ .( `C$I@. 0.y.....(..( `C@..i.(..( `
C.X$.. ....( `C.I@..I.i.H.G`....,...$..( `C.I@. 0.y.....(..( `C@..i.(..( `C.X... ....(!aC.J...i.G`....,... 8...... `.. 
Module "%s" GetSensorData().L.. Module "%s" SendData()..Module "%s" ReceiveData()...8.@%.$%.( `CCI@....#."!FhF..+..(..(
 `C=I@.#0iF.x.q... 8.( `C7I@. 0.y@.... ..4JPP`....,...$Y.( `C.I@. 0.y.....(M.( `C@..h.(G.).....( `C%J.X'.....$.....-...
..( `C.I@. 0.y.....(...(...(...(....(.......(.......(.......(.............{....K..("bC.K...h.G( `C.J.X....k.....h.`....
,....L.. ..`.. L.. ....--- Module "%s" Init() START ---....Module severity: ...NONE....ERROR...INFO....DEBUG...--- Modu
le "%s" Init() END ---..p..$D...#I.X.(=..%...X..@X.x(!HC.I@..j.(0.(....I.X..@X@x.(.....I.X..@X.x(!HC.I.X... ..d....K.X.
..X...K.X...X.x(#ZC.K...j.Gh......I.X..@X.(..`....,... p.L.. `.. Module "%s" ProcessData()...p..%.$!.( `C.I@. 0.y.....(
..( `C@..h.(..( `C.X... ....(!aC.J...h.G.(...%`....,...-... p.. ..`.. Module "%s" SleepEnter().......$..( `C.I@. 0.y...
..(..( `C@..i.(..( `C.X... ....(!aC.J...i.G`....,... ..`.. Module "%s" SleepExit()..F. pG..p..F`h.x.(!..(...(...(....`h
Bx... ..k.4.`hBx... ..d.-..!`x@.bh.T`hB.... ..X.!....%..ahJ]i.K....K........h...`x.B..h.(.2(...!h.B...@..J.T... ..6....
.. `pp...RSSI=%d; ...SNR=%d; ....STR=%s..... %02X-...DATA=%s....F. .I.p.H.IH`. Ih.p. .IHp. .p.H.IH`. Ih.p. .IHp. .p.H.I
H`. Ih.p.IHp. .p.H.I.`.HH`.H.`. .`.F `. ......... :..  .. 8.. (.. X.. 0.. ... 0....F'H.p. &I.`.`H`.`.a.a.,..#H.`#H.`#H.
a. .!................. .I.....H.#.J.F.j.F.G...H.I.`.HH`.H.a.H.!......... .".........H...H.F.J.!Ej. .G.H.h.H.G.HAi.H.G. 
..0.... <.. .............E..|=..P.......1...}....'...a.....3...F. .I.p......... ...F... ..... .I.p.IHk.G....Tx ketCube_
starNet_OnCadDone....... |=.......F.F.F)IHk.G. (I.p(H@x.(..'H@x.(..&H@x.(......!IIhOp I..IhHp.$..*]a.a..K......b.`....B
..`.A.@.2(...!`. .@..J.T.F..:F... .......$..)].HBh`..T...B..`.@(... .IHp.IHp`..IHp....|=.....  .. (.. 0.. ... %02X-...R
x :: RSSI=%d; SNR=%d;DATA=%s........ ..Q.. .I.p.IHk.G..Rx :: ERROR.... |=....... ..;.. .I.p.IHk.G..Rx TIMEOUT..... |=..
..... ..%.. .I.p.IHk.G..Tx DONE.... |=....... ..... .I.p.IHk.G..Tx TIMEOUT..... |=...H.x.(... pG. ..... ...H.x.(..... .
.... .I.p.H.k} ...G. ....... Rx START....|=..p..F.F.H.x.(... p.. .I.p.$..2]a.a..K........`...(x.B..`.A.@.2(...!`. .@..J
.T... ....)x.H.k0F.G. ....... ... %02X-...Tx DATA=%s..|=....8..F....!F. ......e.. ..8......G..8..F....!F. ......T.. ..8
......G.........$........`....H.h.x...B................ ...... ..8..F.H.x.B..8......G................. ....a.......... 
.....H.y.....(.........G..............l...F.. ......... ..8..F....!F. ......... ..8......G..8..F....!F. ......... ..8..
....G..8..F....!F. ......... ..8......G..8..F....!F. ......... ..8......G..8..F....!F. ......... ..8......G..8..F....!F
. ......... ..8......G..8..F....!F. ......... ..8......G..8..F....!F. ......x.. ..8......G..8..F....!F. ......g.. ..8..
....G..8..F....!F. ......V.. ..8......G..8..F....!F. ......E.. ..8......G..8..F....!F. ......4.. ..8......G..8..F....!F
. ......#.. ..8......G..8..F....!F. ......... ..8......G..:H:I.`K ..H`.!7H.`.`.a.a.!Aa5H.h......2I.`0H2I.`. .q. .`. .`/
H.a/HHa/H.a/H.a-H.b.HHb.H.b. .....(..........)H*J.x...".H..T.. 'I.h.p&...#.&.'.....#........... ...........5...........
@...........H.................NI. ..........L..........8.@... @..@... Y'...&...'...'...&...(.. .. ... ... ....KETCube.W
elcome to %s Command-line Interface....-----------------------------------------...Use [TAB] key to show build-in help 
for current command.Use [ENTER] key to execute current command..Use [+]/[-] keys to browse command hostory..H.. >> ....
F.F.F( `C.I@. 0.y.....B........( `C.J.X....D.0F....N...(.....`.. %s :: ....8..F....!F. ......... ..8......G..8..F....!F
. ......... ..8......Gp.....4..Fa,..z,..A,..Z,..0,..9,.. ,..,,+.hH.h.x.(..fH....f.....e.....eH.he.....^H.h.xaI.h.T[H.h.
x@.YI.h.p. WI.h.xZJ.hPT!FZ........,...,..PH.h.x.(..MH.h.x@.KI.h.p. II.h.xLJ.hPTM........,...,......{..,......v.+,:.E...
...%..D.....h...8H.h.x.B..>......!>H.x@.......;I.p.F.x.(... .p7H.x.!HC6I@..I.`3H.x.!HC2I@..0%I.`'...u.'H.h'...p.9.-,6.'
...j..%..%...e.h....H.h.x.B......[. H.x@..I.p.F.x.(... .p.H.x.!HC.I@..I.`.H.x.!HC.I@..0.I.`....<..H.h....7.........`..(
....p.... .F......>> .... %s..%c... ...... ......  .. ...............H.h..............>> .... %s................... ...
......Gs..F)F.H.........$...H...#-3.".H....`....B...H`0.z (... ....|... .. ... ...F z.!.@.(............... ... ....Cann
ot execute remote terminal-only command in local terminal!........L.....K.M.....H.....M.....E.....D.....L.....A.....Y..
.}.>...z.fH..w.;...t.9...q.c...n.6...k.n...h.3...e.2...b.o..._./...\.p...Y.,...V.s...S.)...P.{...M.&...J.$...G.#...D.}.
..A. ...>.....;.....8.....5.....2...../.P...,.....).....&.....#..... .....................................?............
...................KETCube.About %s....-------------...KETCube was created on University of West Bohemia in Pilsen.....
KETCube home: https://github.com/SmartCAMPUSZCU/KETCube-docs....@G..Copyright (c) 2018 University of West Bohemia in Pi
FCARM FILE CONVERTER V2.57                                                            03/06/2019  12:14:09  PAGE 11


lsen.All rights reserved.....Developed by:...The SmartCampus Team....Department of Technologies and Measurement..www.sm
artcampus.cz | www.zcu.cz.KETCube includes code provided by SEMTECH S.A...under Revised BSD License - see LICENSE_SEMTE
CH.txt.Copyright (c) 2013, SEMTECH S.A.....KETCube includes code provided by...STMicroelectronics International N.V. - 
see LICENSE_STM.txt.Copyright (c) 2017 STMicroelectronics International N.V.............. ........................... .
....................F.'.$8.(!aC8JPX......6J.h6K.x..("bC2K.X*F.....(!.0H.x@..I.h.\.(....,H.x@.)I.h.\ (..(I.xI.I.%J.h..jF
%...|....../...'..`....,.....,......T...( `C.J.X ...L.( `C.I@.#0.y..hF.yA.I......C..hF.y.!.Cy..".@.C.....#.".......(...
...).......%.......`.. ... ... %d..Invalid module name!....Setting module %s:... success!... error!....................
.........................I. ................KETCube.%s Command-line Interface HELP..-----------------------------------
.H.. ..N&N%Q.....P.....N......$.....#."hF.....(w.hF.x.....(...(...(...(....N%..R%..I%..D%....( `CAI@. 0.y.....(...(...(
...(....N&..R&..I&..D&.....B..*F1F4...e...)F5...`.hF.x....( `C,J.. 0.y.....B..( `C.F@. 0.y.....(..)...E...)...A.hF.x...
..(..'...8...&...4.( `C.K..Bh( `C.X!...).....&.........!.`....,..w.......%...........0.................Available module
s:..`.. %c -> %c....  %c....E -> ...D -> ...E...D....%s.%s..Error while reading module configuration!...Module State: E
 == Module Enabled; D == Module Disabled.Module severity: N = NONE, R = ERROR; I = INFO; D = DEBUG.....................
....................O........H.I.`........O...................KETCube.Performing system reset and reloading %s configur
ation ................#.F.!.H..w...... ...".I. .....(...H.h..../.... .I.p....(........ KETCube Core base period is set 
to: %d ms...... ............ H.x.(...(...(...(..................................... .I.p...........".I. .....(... .I.p.
.........Setting KETCube core severity: .... NONE....ERROR...INFO....DEBUG...... .......".I.F..J..(...H.h......... .I.p
............. KETCube Start delay is set to: %d ms....... .......#.F.!......hF.y.(... ..hF.y.!HC.I@.@h..hF.y.!HC.I.X..@
!.H........P.. %s (%s).... 8.....P.....M..H@h...H..@!.h.H.....$... `C.I@.Ch. `C.X!F....5.....2.`....,..8...Available ba
tteries:........P.. %s (%s).... %d). %s (%s).....H.h.I.`pG..... ... .....H.x.(...(...(...(......................#F..@!.
H..V.....UNKNOWN.... NONE....ERROR...INFO....DEBUG...%s..... .H.h.I.`pG..... ... .........H.h.x.(...........$.&.M... ..
.'.. .(X.].I.h.].B... ..x...p... .(X.].(...H.h.x.B.....(..}H.h.x.B..~H.h.].(..{H.h.] (... .....(......`..... .(X.].(..q
H.h.].(.. .@..z.....(..p... .@..h.$.....(}. .(X.].(..dH.h.].(..aH.h.] (~.!.I.Hz.(...(...(...(.....!.....!...!.)j.p.UI.p
 .@..z.....((. .@..h.(#.!.H......(..!.H...T..(&. .)XH.....A...... KI.p!.I..h.G.....(..!.H....... .)XC.....5.....".R..h"
.P.....2......!AH.x@.......>I.p.F.x.!HC<I@.+I.`9H.x.!HC....7I@..0"I.`. .h.p I.h.x!J.hPT..`..... .(X.(....,.............
.....!%H.x@......."I.p.F.x.!HC I@..I.`.H.x.!HC.I@..0.I.`. .h.p.!.H.h.x.J.h.T............. >> .H.. ... ... Executing com
mand: %s...... Help for command: %s.......  .. Command not found!...F...)..H...... pG.H.h@\ (.....)..H...... ...H.h@\ (
...F....... 8..F.$hz.(...(...(...(U.#.. 8.*H.h*J.x..@")H..!.. ..$I.h$J.x..."iF...."I.`.H.h.I.x@....B... ... ...I.h.J.x.
.."iF.....I.`.H.h.I.x@....B... ...H.x.....F.,... ...I.h..."iF.....IH`.H.h.....B... ... ... ..... ... ... ..g.....fH.h.x
.(..e.......dM.$.&... ...'.. .(X.]_I.h.].B... ..x...p... .(X.].(..TH.h.x.B.....(..PH.h.x.B..QH.h.].(..NH.h.] (... .....
(......`...{. .(X.].(..DH.h.].(.. .@..z.....(..p... .@..h.$c....(#. .(X.].(..7H.h.].(.. .@.Bh .)X3...d.,...a. .@..z....
.(..".R..h".P...o.A....(6.....L. ...I...(.. ... .... .)X...\....*X...\.B... ....@........B.....(......)X ...%....."...@
.........(X.(....`..... .(X.(..F.........<.......... >> .H.. ... Help for command %s: .%s....Available commands: .....%
s.p..F.F.&.,.. z.....(....ah..........p..,....!h..........................0.@.Bh0.)X............v.0.(X.(......Descripti
on: %s.....List of sub-commands for command %s: ...List of commands: ...%s.%s.....F.z.(......!h..x..z.(...(...(.....I..
..l....H.h....f....HBh.h...._.......[.........V.....%s returned: ...... %s..%d..%d, %d..<unknown return type>..........
H.x.(......,.....).. ......$..H.x.(...(.....................H.x ................ ....... Command execution OK........Co
mmand returned error: ....invalid parameters..could not read/write memory.unknown error (%d).......F'.....,F(F....... .
...!\0)..!\9)...!..A....B..!\.)...!.).....................(................(F......"F)FhF....hF......:..F..............
........{.....x.........Invalid DEC number!.Invalid number size!....Write error!....Write success!.......F.F.F....F.:F1
F(F.......F.,......:.....7......,......0.....-.......).....&.........Invalid HEX number!.Write error!....Write success!
.....H.J.x...".H..)... .. ... ... .....!.........H.j.!.C.I.b.F.j.............F.j.!.C.I.b.F.j........... ... ..H...... .
...y..H.h.h.!...C.I.h.`.H..h..........@... ...H@k.!...C.IHc...F.j.!.C.I.b.F.j.............F.j.!.C.I.b.F.j..........."..
.!....".."...!.............@...H.x@..I.p.H.F.x...".H...........  .. ... ... ..:..H.J.x...".H........ .. ... ... ...H.J.
x...".H..{... .. ... ... .F. pG..p..F.F.$..*]a.a..K........`...0x.B..`.A.@.2(...!`. .@..J.T... ..j.. p...... %02X-...DA
TA=%s....&...H.x.!HC.I@......H.x.!HC.I@.E..H..c..F./...$...I...JQC.F9F.....F...B...&...B...&....Q.b..#ZC.F......0F....h
.. P.. ...D`.......p..F.F. RI.pRH.`RH.`RH.x.(..OH.hAhPH.GPH.x.(<.O.....N.....JH.xM......$..FH.]M.....d..,..E.....KH.xK.
.....$..GH.]D.....d..,..<.....GH.xG......$..CH.];.....d..,..3.....C.B.....0...|.+H.x....w..$..(H.]/...p.d..,..'...j.7H.
h7...e.#...b.8H.x8...]..$..5H.]"...V.d..,......P.4H.x4...K..$..1H.]....D.d..,......>.0H.x.(...I.h.h.G.F..E.,I. .....I.`
p.p.. l.. x.. 1.. 2.. 0.. OTAA....DevEui= %02X....-%02X...:.. AppEui= %02X....B.. AppKey= %02X....ABP.T.. DevAdd=  %08X
...\.. NwkSKey= %02X...l.. AppSKey= %02X...\.. ........RH.x........9.....OHOI.`OHH`OH.`OH.h.hOI.`."IH..s.. LI.pLH.h@z.q
.F..... GI.pGH.h.z.q.F..... BI.pBH.h.z.q.F..... ..t.. 5I.pc.<H.x.(... iF.p:H..:I..:I...!hF.t8H.x.(..hF..... 'I.p+.. ,I.
p2H.hH`.F..r.. (I.p/H.hH`.F..i.. #I.p+HH`.F..a.. .I.p(HH`.F..Y.. .I.p.q.F..R.. .I.p... .I.p...H.x.(....B...V..I.p.H.x.(
..... .I.p..... .I.p..........p.. .m..... .m...o..x.. t.. ... l.. 0.. 2.. :.. B.. |.. X.. T.. \.. l.. ... .H.xpG..p.. .
..#.".FhF..I..(... ..hF.x@....(...#.".!/H..9..(... ... ,I.p... *I.phF.x.....(...#8".!&H.."..(... ...#(".!"H.....(... ..
.#$".!.H.....(... ...#!".!.H.....(... ... .I.p. .I.p... .I.p. .I.p.#.".!.H.....(... ...#.".!.H.....(... ... ....2.. 1..
 l.. \.. T.. X.. 0.. \.. :.. B.. .$..........K...q..........(........{..(.......I.H..N..H.h.H.....H........B..H.x.(... 
.I.p"Fd.... ..........'......(..r.b.......u_..... ... ,.. --- KETCube base period # %d ---.........x.pI.@..FT....+.....
.S......x.pI.@..FT....+.........p@..FT....+.......F!FhF..~.iF.x.I.\iFIy.JQ\H@iF.z.JQ\H@iF.{Q\H@ piF.x.F.\iFIy.JQ\H@iF.z
.JQ\H@iF.{.JQ\H@`piF.x.F.\iFIyQ\H@iF.z.JQ\H@iF.{.JQ\H@.piF.x.F.\iFIy|JQ\H@iF.zQ\H@iF.{vJQ\H@.piF.y.F.\iFIzrJQ\H@iF.{pJQ
\H@iF.xQ\H@ qiF.y.F.\iFIzgJQ\H@iF.{fJQ\H@iF.xdJQ\H@`qiF.y.F.\iFIzQ\H@iF.{[JQ\H@iF.xZJQ\H@.qiF.y.F.\iFIzVJQ\H@iF.{Q\H@iF
.xOJQ\H@.qiF.z.F.\iFI{KJQ\H@iF.xJJQ\H@iF.yQ\H@ riF.z.F.\iFI{AJQ\H@iF.x?JQ\H@iF.y>JQ\H@`riF.z.F.\iFI{Q\H@iF.x5JQ\H@iF.y3
JQ\H@.riF.z.F.\iFI{/JQ\H@iF.xQ\H@iF.y)JQ\H@.rhF.{.F.\hF@x%J.\H@iF.y#JQ\H@iF.zQ\H@ siF.{.F.\iFIx.JQ\H@iF.y.JQ\H@iF.z.JQ\
H@`siF.{.F.\iFIxQ\H@iF.y.JQ\H@iF.z.JQ\H@.siF.{.F.\iFIx.JQ\H@iF.yQ\H@iF.z.JQ\H@.s....`@..`A..`?.........F.F.F......I.h.c
.I.@....*...&...&...K..[..B+.n....../...'...N.K...B.....F.O3C..;F.B...*.....*...&... 9F.....&...K.B......./...'...B..+F
FCARM FILE CONVERTER V2.57                                                            03/06/2019  12:14:09  PAGE 12


`F!F...........#.,)..N.B&..N.B...#!..N.B...N........4'.....@...@...B......./...'...F.@...@.B.........#...F.C...-...,...
+...+... ............. ........."..Q@........a..N.B ..H.B...*...H.B...-....)F..... .I.....-...")F....Q@.....IyD.hIh....
.O.B%..-...)...B...*.....*r..I... ...C..... ...F...C.....B..#F. 9F.........F!F.....B...&...B..#F.F.F...N.B..&....F1F...
.....g....F.*@..)...J.B)..,...-... .F.....+...,...+...,.....,(..-...+... }I..... .I.....+... .F..... .!......rJ.B...,..
.+...+... .C..-........ ....R..F.C..."..fLbF[..C..... ............."dL..gJ.B}.fKgJ.B...B...-..M.XH.B...-H.. .........F.
F."SK!F.......Fq.I......C(F.....B...-... .........F.F."FK!F......r.R......C.F..>K.B#..-... .........F.F.":K!F.......Fq.
I......C(F..... ........I.I......C....."0F9F.....".F.F.C....1J2K....*F3F....."(K.....F*F3F..d....F.F....:F.......F."..R
.$K(F1F........"J K8F.......F...J.K(F1F....:F....s..F.F.F...........%.F(F......d.:F'............?..........@C........".
.....?.......A...C...?UUUUUU.?G..?..+eD.]...T>....=..F.FR..%. -..B..5"0F9F..C..F4 .C.....H.......I...C.F.I.B... ...I.B.
.. ..... ....@............H..xD..Ch.h9F0F............0F........Q..F.F. .I..e................ ...H.FxD.h...!x.I..C......
@..!..G.9F........2F.......F.F)F.......F..;F)F................2F....................+F.F.F.....F.F.H.F.F.!xD....2F;F...
..F.F.............F.F+F.F................2F;F..........+F.F.F.....N."3F................. .F.F3F....l.......h.......j..F
..:F)F......j.....+F0F......b..F.F:F........Z.3F*F.....F.F.F...........%.F(F......9.:F....;..F."..R..K1F(F..:......J.K8
F....2..F...J.K1F(F..*.:F....t..K{D.....h[h..l........................._.zK{D.....h[h.F....U.......Q..F(F........:F....
...................F.F... ...F..........;F..........*F3F..........&.....*F3F9F.......F.F........WJ.F.B .RB...C..2F;F...
.....QJRK................... ......p.I.I......C....j.GKR..B..FJ...C....2F;F..............h..#@.,I....=KR..B#.. ..R..@B.
P.@.@.8IyD.h.F.F7I.@.C...!....Q.."...@...-..HB..bF0F9F..X..F.F2F;F.........%*F(K(F....W.....&J&K(F....O.....2F;F(F....9
.......;..J.K..?..........F.F.F..5........?....z...2...t..........@...?..:...[../>.r...8......@..+eG..<...@.4o?...?....
....C..?9l..a\ ..9..B..?......J..F.F........:F........*F3F...F.F.....F.F/H.F...!xD..9.:F......*F3F.....F..(F1F.........
........#....."..8F..........:F(F1F............ .........*F3F.....".K.....F...F..A....)..0F)F...........(....g.0F)F....
...F....)..F2F!F..........0......?...I.h.JQC.J...J.F.`.I.....F....\.. mN.A90......p..F.F.....F(.A.0F......p........F...
.z..F.F.F.F0F....B..F...K.F.(..."0F.......".K0F9F........."0F.......".K F)F..$..F.F...".K0F9F.......".K F)F..p..F.F..i.
I..... F.C.............?...?.x.K.\.p.y.\.q.z.\.r.{.\.sAxBy.\BpBz.\BqB{.\Br.FR\Bs.x.z.\.p.FR\.r.y.{.\.q.FR\.s.{.z.\.s.y.
\.r.x.\.q.FR\.ppG`?.....F.F.......F... .CI..HI.A..........!...!.Ca.I.@...... ....(F9F.........I.`pG..\.. .x.xZ@.pBxKxZ@
Bp.x.xZ@.p.x.xZ@.p.y.yZ@.qByKyZ@Bq.y.yZ@.q.y.yZ@.q.z.zZ@.rBzKzZ@Br.z.zZ@.r.z.zZ@.r.{.{Z@.sB{K{Z@Bs.{.{Z@.s.{.{Z@.spG...
...........i...].......................]...u.......................U...-...9.......I...........!.....#.............$..'
..(..)..*..0..5..;..@..A0.#@(...............<.......P...............x........(.......0.......<......@Q.......a......Dz.
.............P.......$........E..............H.......,.......@...................................................... 0.
.....................................!$.................!$.......2333s....333s.............'.3....P....4.3....P... B.3.
...P...c|w{.ko.0.g+...v...}.YG.......r....&6?..4...q.1...#..........'.u..,..nZ.R;..)./.S... ..[j..9JLX.....CM3.E...P<..
Q.@...8....!........_.D...~=d].s`.O."*..F....^...2:.I.$\...b...y..7m..N.lV..ez...x%.......t.K...p>.fH...a5W.........i..
......U(.......BhA.-..T..........`..V..M.........A._E#S..u.=Ll~..hQ....b*..F.07./.$...N....X46..[.v.}R.^.....@.y...gr..
....O...f......x%K.]..?!p.cw.B .....&..5...U.z..2.....DT;...k(.....dt...H...C.91....n....I......G.o.J\8Ws....>.a...|q..
....j.i..:'..+"...3-<....P..Y..e....)Z.{.m,.......TP..}.b..E.@......g.....[...jZA.O\.4..sS?.Re^(....6.=&i....t.-....Ma.
{>q..h.,`....F.K...Jk*....U......D........H...uc0..mL.5/...9W..G..+.....f~...).<y..v;VN...l.]n....7.2CY..d.....%......o
r$..Q#|.!.....B......._...X'.8..3.p...". I.xz.....1....w....:.......?.......?...........@...?...........C..L>.33333.?..
o..m.?M&.QUU.?.A..`t.?e...J..?.NEJ(~.?>UUUUU.?....l.f.,.%.jV.?.k..A......ri7f>.........@@@@@@@@@AAAAA@@@@@@@@@@@@@@@@@@
................          .....................................................................@....B..On-board RHT sen
sor based on TI HDC1080.....Measure mVolts on PA4...Display Tx KETCube data.....Asynchronously transmit data....Compose
 a star net with this module as sensor node..Display received data on serial line....Display debug output on serial lin
e.....LoRa radio..TI's FDC2214 capacity to digital converter..Compose a star net with this module as network concentrat
or.....On-chip battery voltage measurement.....On-board environmental sensor based on Bosch BME family.....HDC1080.BMEx
80..LIS2HH12....ICS43432....FDC2214.ADC.LoRa....StarNetNode.MEMS microphone.3 axis accelerometer....StarNetConcentrator
.batMeas.AsyncTx.DebugDisplay....RxDisplay...TxDisplay...Command too long, remove characters or press [ENTER] to exec c
ommand!...Print ABOUT information: Copyright, License, .......Show LoRa device EUI....Show LoRa application EUI...Show 
LoRa device EUI type: custom (user-defined) or deviceID-based..Show supported batteries....Show LoRa device address....
KETCube is provided under NCSA Open Source License - see LICENSE.txt....Show LoRa network session Key...Show LoRa app s
ession Key...Show LoRa application key...Show selected battery...Select battery..Is OTAA enabled?....Is ABP enabled?.En
able OTAA.OTAA....Core messages severity: 0 = NONE, 1 = ERROR; 2 = INFO; 3 = DEBUG....Use custom (user-defined) LoRa de
vice EUI...Use board (boardID-based) LoRa device EUI...Set LoRa device EUI.Set LoRa application EUI....appEUI..devEUI..
Enable ABP..ABP.Print HELP..reload..basePeriod..KETCube base period.devEUIBoard.Reload KETCube..enable..disable.Enable 
KETCube module...Disable KETCube module..devEUIType..core....devEUICustom....help....First periodic action is delayed a
fter power-up.devAddr.List available KETCube modules..Set LoRa, SigFox ... parameters.Show LoRa, SigFox ... parameters.
...Set LoRa parameters.Show LoRa parameters....Set KETCube Core parameters.Show KETCube Core parameters....Set batMeas 
parameters..Show batMeas parameters.Set LoRa device address.bat.set.list....about...show....startDelay..nwkSKey.appSKey
.appKey..Set LoRa network session key....Set LoRa application session key....Set LoRa application key....Core messages 
severity..severity....LS33600.CR2032..15 Ah battery...Up to 560mAh battery....TL..... x...z...xO..x.. 8.............a..
...........A...............c6.-....+~..(.........O<.|... .+..,.*9i3.4..I..d..........$.Y...E..|D..E..........!.H..(.T(.
...X(.xC....@.9.LI(..(..P.I...q.a....(..P.......iP..(..P.....]..zq.....(..P.i.(..4....(..P...l.!.i(..(.,(.-.t.:5.....(.
.x.U.Da:]......F...(.5(P.=....`P......P..q...h$...........(.t$........y4i(.. .B Z...@I..L.!..X.....TK.....1.........D..
. ..y@"..Q.@..Km.@K@H... ...4 K.G`..0.<.Z....!p)0*. ....=P.(|*.p.q.......K.FP.i...p@Z.`....h.Z.....^.J..$.......@Z.@.U.
...Z...9...8lZ.p.)@.`PZ.@.. .....AKU..*.@.....)....)....).Z.....).Z...%.).Z.@.9....:..!....`.Z...M.).Z,...`).ZxP.. ....
@..t....... .E...0)..(.. ..Z. .x...@Z. Z.@Z..ZX@Z......@.DlK\F.......P.,.A...<..*...A.]...|.Z...y..<@. `A.e...8.Zl@....
.L Z`.....8.Z@.........R..eS..M........9X3.'*............L.......T..........T....
+---------------------------------------------------------------------------------------------------------------------+
FCARM FILE CONVERTER V2.57                                                            03/06/2019  12:14:09  PAGE 13



MODULE INFORMATION:
  Number of files  = 2
  Total input size = 90933 bytes
  Redundant data   = 0 bytes (0%)
  Web image size   = 90933 bytes (100%)


FCARM COMPLETE.  0 ERROR(s)
